10:41:21 **** Build of configuration Debug for project Lab1 ****
make -j8 all 
arm-none-eabi-gcc "../Drivers/STM32F7xx_HAL_Driver/Src/stm32f7xx_hal.c" -mcpu=cortex-m7 -std=gnu11 -g3 -DDEBUG -DUSE_HAL_DRIVER -DSTM32F767xx -c -I../Core/Inc -I../Drivers/STM32F7xx_HAL_Driver/Inc -I../Drivers/STM32F7xx_HAL_Driver/Inc/Legacy -I../Drivers/CMSIS/Device/ST/STM32F7xx/Include -I../Drivers/CMSIS/Include -O0 -ffunction-sections -fdata-sections -Wall -fstack-usage -fcyclomatic-complexity -MMD -MP -MF"Drivers/STM32F7xx_HAL_Driver/Src/stm32f7xx_hal.d" -MT"Drivers/STM32F7xx_HAL_Driver/Src/stm32f7xx_hal.o" --specs=nano.specs -mfpu=fpv5-d16 -mfloat-abi=hard -mthumb -o "Drivers/STM32F7xx_HAL_Driver/Src/stm32f7xx_hal.o"
arm-none-eabi-gcc "../Drivers/STM32F7xx_HAL_Driver/Src/stm32f7xx_hal_cortex.c" -mcpu=cortex-m7 -std=gnu11 -g3 -DDEBUG -DUSE_HAL_DRIVER -DSTM32F767xx -c -I../Core/Inc -I../Drivers/STM32F7xx_HAL_Driver/Inc -I../Drivers/STM32F7xx_HAL_Driver/Inc/Legacy -I../Drivers/CMSIS/Device/ST/STM32F7xx/Include -I../Drivers/CMSIS/Include -O0 -ffunction-sections -fdata-sections -Wall -fstack-usage -fcyclomatic-complexity -MMD -MP -MF"Drivers/STM32F7xx_HAL_Driver/Src/stm32f7xx_hal_cortex.d" -MT"Drivers/STM32F7xx_HAL_Driver/Src/stm32f7xx_hal_cortex.o" --specs=nano.specs -mfpu=fpv5-d16 -mfloat-abi=hard -mthumb -o "Drivers/STM32F7xx_HAL_Driver/Src/stm32f7xx_hal_cortex.o"
arm-none-eabi-gcc "../Drivers/STM32F7xx_HAL_Driver/Src/stm32f7xx_hal_dma.c" -mcpu=cortex-m7 -std=gnu11 -g3 -DDEBUG -DUSE_HAL_DRIVER -DSTM32F767xx -c -I../Core/Inc -I../Drivers/STM32F7xx_HAL_Driver/Inc -I../Drivers/STM32F7xx_HAL_Driver/Inc/Legacy -I../Drivers/CMSIS/Device/ST/STM32F7xx/Include -I../Drivers/CMSIS/Include -O0 -ffunction-sections -fdata-sections -Wall -fstack-usage -fcyclomatic-complexity -MMD -MP -MF"Drivers/STM32F7xx_HAL_Driver/Src/stm32f7xx_hal_dma.d" -MT"Drivers/STM32F7xx_HAL_Driver/Src/stm32f7xx_hal_dma.o" --specs=nano.specs -mfpu=fpv5-d16 -mfloat-abi=hard -mthumb -o "Drivers/STM32F7xx_HAL_Driver/Src/stm32f7xx_hal_dma.o"
arm-none-eabi-gcc "../Drivers/STM32F7xx_HAL_Driver/Src/stm32f7xx_hal_dma_ex.c" -mcpu=cortex-m7 -std=gnu11 -g3 -DDEBUG -DUSE_HAL_DRIVER -DSTM32F767xx -c -I../Core/Inc -I../Drivers/STM32F7xx_HAL_Driver/Inc -I../Drivers/STM32F7xx_HAL_Driver/Inc/Legacy -I../Drivers/CMSIS/Device/ST/STM32F7xx/Include -I../Drivers/CMSIS/Include -O0 -ffunction-sections -fdata-sections -Wall -fstack-usage -fcyclomatic-complexity -MMD -MP -MF"Drivers/STM32F7xx_HAL_Driver/Src/stm32f7xx_hal_dma_ex.d" -MT"Drivers/STM32F7xx_HAL_Driver/Src/stm32f7xx_hal_dma_ex.o" --specs=nano.specs -mfpu=fpv5-d16 -mfloat-abi=hard -mthumb -o "Drivers/STM32F7xx_HAL_Driver/Src/stm32f7xx_hal_dma_ex.o"
arm-none-eabi-gcc "../Drivers/STM32F7xx_HAL_Driver/Src/stm32f7xx_hal_exti.c" -mcpu=cortex-m7 -std=gnu11 -g3 -DDEBUG -DUSE_HAL_DRIVER -DSTM32F767xx -c -I../Core/Inc -I../Drivers/STM32F7xx_HAL_Driver/Inc -I../Drivers/STM32F7xx_HAL_Driver/Inc/Legacy -I../Drivers/CMSIS/Device/ST/STM32F7xx/Include -I../Drivers/CMSIS/Include -O0 -ffunction-sections -fdata-sections -Wall -fstack-usage -fcyclomatic-complexity -MMD -MP -MF"Drivers/STM32F7xx_HAL_Driver/Src/stm32f7xx_hal_exti.d" -MT"Drivers/STM32F7xx_HAL_Driver/Src/stm32f7xx_hal_exti.o" --specs=nano.specs -mfpu=fpv5-d16 -mfloat-abi=hard -mthumb -o "Drivers/STM32F7xx_HAL_Driver/Src/stm32f7xx_hal_exti.o"
arm-none-eabi-gcc "../Drivers/STM32F7xx_HAL_Driver/Src/stm32f7xx_hal_flash.c" -mcpu=cortex-m7 -std=gnu11 -g3 -DDEBUG -DUSE_HAL_DRIVER -DSTM32F767xx -c -I../Core/Inc -I../Drivers/STM32F7xx_HAL_Driver/Inc -I../Drivers/STM32F7xx_HAL_Driver/Inc/Legacy -I../Drivers/CMSIS/Device/ST/STM32F7xx/Include -I../Drivers/CMSIS/Include -O0 -ffunction-sections -fdata-sections -Wall -fstack-usage -fcyclomatic-complexity -MMD -MP -MF"Drivers/STM32F7xx_HAL_Driver/Src/stm32f7xx_hal_flash.d" -MT"Drivers/STM32F7xx_HAL_Driver/Src/stm32f7xx_hal_flash.o" --specs=nano.specs -mfpu=fpv5-d16 -mfloat-abi=hard -mthumb -o "Drivers/STM32F7xx_HAL_Driver/Src/stm32f7xx_hal_flash.o"
arm-none-eabi-gcc "../Drivers/STM32F7xx_HAL_Driver/Src/stm32f7xx_hal_flash_ex.c" -mcpu=cortex-m7 -std=gnu11 -g3 -DDEBUG -DUSE_HAL_DRIVER -DSTM32F767xx -c -I../Core/Inc -I../Drivers/STM32F7xx_HAL_Driver/Inc -I../Drivers/STM32F7xx_HAL_Driver/Inc/Legacy -I../Drivers/CMSIS/Device/ST/STM32F7xx/Include -I../Drivers/CMSIS/Include -O0 -ffunction-sections -fdata-sections -Wall -fstack-usage -fcyclomatic-complexity -MMD -MP -MF"Drivers/STM32F7xx_HAL_Driver/Src/stm32f7xx_hal_flash_ex.d" -MT"Drivers/STM32F7xx_HAL_Driver/Src/stm32f7xx_hal_flash_ex.o" --specs=nano.specs -mfpu=fpv5-d16 -mfloat-abi=hard -mthumb -o "Drivers/STM32F7xx_HAL_Driver/Src/stm32f7xx_hal_flash_ex.o"
arm-none-eabi-gcc "../Drivers/STM32F7xx_HAL_Driver/Src/stm32f7xx_hal_gpio.c" -mcpu=cortex-m7 -std=gnu11 -g3 -DDEBUG -DUSE_HAL_DRIVER -DSTM32F767xx -c -I../Core/Inc -I../Drivers/STM32F7xx_HAL_Driver/Inc -I../Drivers/STM32F7xx_HAL_Driver/Inc/Legacy -I../Drivers/CMSIS/Device/ST/STM32F7xx/Include -I../Drivers/CMSIS/Include -O0 -ffunction-sections -fdata-sections -Wall -fstack-usage -fcyclomatic-complexity -MMD -MP -MF"Drivers/STM32F7xx_HAL_Driver/Src/stm32f7xx_hal_gpio.d" -MT"Drivers/STM32F7xx_HAL_Driver/Src/stm32f7xx_hal_gpio.o" --specs=nano.specs -mfpu=fpv5-d16 -mfloat-abi=hard -mthumb -o "Drivers/STM32F7xx_HAL_Driver/Src/stm32f7xx_hal_gpio.o"
arm-none-eabi-gcc "../Drivers/STM32F7xx_HAL_Driver/Src/stm32f7xx_hal_i2c.c" -mcpu=cortex-m7 -std=gnu11 -g3 -DDEBUG -DUSE_HAL_DRIVER -DSTM32F767xx -c -I../Core/Inc -I../Drivers/STM32F7xx_HAL_Driver/Inc -I../Drivers/STM32F7xx_HAL_Driver/Inc/Legacy -I../Drivers/CMSIS/Device/ST/STM32F7xx/Include -I../Drivers/CMSIS/Include -O0 -ffunction-sections -fdata-sections -Wall -fstack-usage -fcyclomatic-complexity -MMD -MP -MF"Drivers/STM32F7xx_HAL_Driver/Src/stm32f7xx_hal_i2c.d" -MT"Drivers/STM32F7xx_HAL_Driver/Src/stm32f7xx_hal_i2c.o" --specs=nano.specs -mfpu=fpv5-d16 -mfloat-abi=hard -mthumb -o "Drivers/STM32F7xx_HAL_Driver/Src/stm32f7xx_hal_i2c.o"
arm-none-eabi-gcc "../Drivers/STM32F7xx_HAL_Driver/Src/stm32f7xx_hal_i2c_ex.c" -mcpu=cortex-m7 -std=gnu11 -g3 -DDEBUG -DUSE_HAL_DRIVER -DSTM32F767xx -c -I../Core/Inc -I../Drivers/STM32F7xx_HAL_Driver/Inc -I../Drivers/STM32F7xx_HAL_Driver/Inc/Legacy -I../Drivers/CMSIS/Device/ST/STM32F7xx/Include -I../Drivers/CMSIS/Include -O0 -ffunction-sections -fdata-sections -Wall -fstack-usage -fcyclomatic-complexity -MMD -MP -MF"Drivers/STM32F7xx_HAL_Driver/Src/stm32f7xx_hal_i2c_ex.d" -MT"Drivers/STM32F7xx_HAL_Driver/Src/stm32f7xx_hal_i2c_ex.o" --specs=nano.specs -mfpu=fpv5-d16 -mfloat-abi=hard -mthumb -o "Drivers/STM32F7xx_HAL_Driver/Src/stm32f7xx_hal_i2c_ex.o"
arm-none-eabi-gcc "../Drivers/STM32F7xx_HAL_Driver/Src/stm32f7xx_hal_pwr.c" -mcpu=cortex-m7 -std=gnu11 -g3 -DDEBUG -DUSE_HAL_DRIVER -DSTM32F767xx -c -I../Core/Inc -I../Drivers/STM32F7xx_HAL_Driver/Inc -I../Drivers/STM32F7xx_HAL_Driver/Inc/Legacy -I../Drivers/CMSIS/Device/ST/STM32F7xx/Include -I../Drivers/CMSIS/Include -O0 -ffunction-sections -fdata-sections -Wall -fstack-usage -fcyclomatic-complexity -MMD -MP -MF"Drivers/STM32F7xx_HAL_Driver/Src/stm32f7xx_hal_pwr.d" -MT"Drivers/STM32F7xx_HAL_Driver/Src/stm32f7xx_hal_pwr.o" --specs=nano.specs -mfpu=fpv5-d16 -mfloat-abi=hard -mthumb -o "Drivers/STM32F7xx_HAL_Driver/Src/stm32f7xx_hal_pwr.o"
arm-none-eabi-gcc "../Drivers/STM32F7xx_HAL_Driver/Src/stm32f7xx_hal_pwr_ex.c" -mcpu=cortex-m7 -std=gnu11 -g3 -DDEBUG -DUSE_HAL_DRIVER -DSTM32F767xx -c -I../Core/Inc -I../Drivers/STM32F7xx_HAL_Driver/Inc -I../Drivers/STM32F7xx_HAL_Driver/Inc/Legacy -I../Drivers/CMSIS/Device/ST/STM32F7xx/Include -I../Drivers/CMSIS/Include -O0 -ffunction-sections -fdata-sections -Wall -fstack-usage -fcyclomatic-complexity -MMD -MP -MF"Drivers/STM32F7xx_HAL_Driver/Src/stm32f7xx_hal_pwr_ex.d" -MT"Drivers/STM32F7xx_HAL_Driver/Src/stm32f7xx_hal_pwr_ex.o" --specs=nano.specs -mfpu=fpv5-d16 -mfloat-abi=hard -mthumb -o "Drivers/STM32F7xx_HAL_Driver/Src/stm32f7xx_hal_pwr_ex.o"
arm-none-eabi-gcc "../Drivers/STM32F7xx_HAL_Driver/Src/stm32f7xx_hal_rcc.c" -mcpu=cortex-m7 -std=gnu11 -g3 -DDEBUG -DUSE_HAL_DRIVER -DSTM32F767xx -c -I../Core/Inc -I../Drivers/STM32F7xx_HAL_Driver/Inc -I../Drivers/STM32F7xx_HAL_Driver/Inc/Legacy -I../Drivers/CMSIS/Device/ST/STM32F7xx/Include -I../Drivers/CMSIS/Include -O0 -ffunction-sections -fdata-sections -Wall -fstack-usage -fcyclomatic-complexity -MMD -MP -MF"Drivers/STM32F7xx_HAL_Driver/Src/stm32f7xx_hal_rcc.d" -MT"Drivers/STM32F7xx_HAL_Driver/Src/stm32f7xx_hal_rcc.o" --specs=nano.specs -mfpu=fpv5-d16 -mfloat-abi=hard -mthumb -o "Drivers/STM32F7xx_HAL_Driver/Src/stm32f7xx_hal_rcc.o"
arm-none-eabi-gcc "../Drivers/STM32F7xx_HAL_Driver/Src/stm32f7xx_hal_rcc_ex.c" -mcpu=cortex-m7 -std=gnu11 -g3 -DDEBUG -DUSE_HAL_DRIVER -DSTM32F767xx -c -I../Core/Inc -I../Drivers/STM32F7xx_HAL_Driver/Inc -I../Drivers/STM32F7xx_HAL_Driver/Inc/Legacy -I../Drivers/CMSIS/Device/ST/STM32F7xx/Include -I../Drivers/CMSIS/Include -O0 -ffunction-sections -fdata-sections -Wall -fstack-usage -fcyclomatic-complexity -MMD -MP -MF"Drivers/STM32F7xx_HAL_Driver/Src/stm32f7xx_hal_rcc_ex.d" -MT"Drivers/STM32F7xx_HAL_Driver/Src/stm32f7xx_hal_rcc_ex.o" --specs=nano.specs -mfpu=fpv5-d16 -mfloat-abi=hard -mthumb -o "Drivers/STM32F7xx_HAL_Driver/Src/stm32f7xx_hal_rcc_ex.o"
arm-none-eabi-gcc -mcpu=cortex-m7 -g3 -DDEBUG -c -x assembler-with-cpp -MMD -MP -MF"Core/Startup/startup_stm32f767zitx.d" -MT"Core/Startup/startup_stm32f767zitx.o" --specs=nano.specs -mfpu=fpv5-d16 -mfloat-abi=hard -mthumb -o "Core/Startup/startup_stm32f767zitx.o" "../Core/Startup/startup_stm32f767zitx.s"
arm-none-eabi-gcc "../Core/Src/main.c" -mcpu=cortex-m7 -std=gnu11 -g3 -DDEBUG -DUSE_HAL_DRIVER -DSTM32F767xx -c -I../Core/Inc -I../Drivers/STM32F7xx_HAL_Driver/Inc -I../Drivers/STM32F7xx_HAL_Driver/Inc/Legacy -I../Drivers/CMSIS/Device/ST/STM32F7xx/Include -I../Drivers/CMSIS/Include -O0 -ffunction-sections -fdata-sections -Wall -fstack-usage -fcyclomatic-complexity -MMD -MP -MF"Core/Src/main.d" -MT"Core/Src/main.o" --specs=nano.specs -mfpu=fpv5-d16 -mfloat-abi=hard -mthumb -o "Core/Src/main.o"
arm-none-eabi-gcc "../Core/Src/stm32f7xx_hal_msp.c" -mcpu=cortex-m7 -std=gnu11 -g3 -DDEBUG -DUSE_HAL_DRIVER -DSTM32F767xx -c -I../Core/Inc -I../Drivers/STM32F7xx_HAL_Driver/Inc -I../Drivers/STM32F7xx_HAL_Driver/Inc/Legacy -I../Drivers/CMSIS/Device/ST/STM32F7xx/Include -I../Drivers/CMSIS/Include -O0 -ffunction-sections -fdata-sections -Wall -fstack-usage -fcyclomatic-complexity -MMD -MP -MF"Core/Src/stm32f7xx_hal_msp.d" -MT"Core/Src/stm32f7xx_hal_msp.o" --specs=nano.specs -mfpu=fpv5-d16 -mfloat-abi=hard -mthumb -o "Core/Src/stm32f7xx_hal_msp.o"
arm-none-eabi-gcc "../Core/Src/stm32f7xx_it.c" -mcpu=cortex-m7 -std=gnu11 -g3 -DDEBUG -DUSE_HAL_DRIVER -DSTM32F767xx -c -I../Core/Inc -I../Drivers/STM32F7xx_HAL_Driver/Inc -I../Drivers/STM32F7xx_HAL_Driver/Inc/Legacy -I../Drivers/CMSIS/Device/ST/STM32F7xx/Include -I../Drivers/CMSIS/Include -O0 -ffunction-sections -fdata-sections -Wall -fstack-usage -fcyclomatic-complexity -MMD -MP -MF"Core/Src/stm32f7xx_it.d" -MT"Core/Src/stm32f7xx_it.o" --specs=nano.specs -mfpu=fpv5-d16 -mfloat-abi=hard -mthumb -o "Core/Src/stm32f7xx_it.o"
arm-none-eabi-gcc "../Core/Src/syscalls.c" -mcpu=cortex-m7 -std=gnu11 -g3 -DDEBUG -DUSE_HAL_DRIVER -DSTM32F767xx -c -I../Core/Inc -I../Drivers/STM32F7xx_HAL_Driver/Inc -I../Drivers/STM32F7xx_HAL_Driver/Inc/Legacy -I../Drivers/CMSIS/Device/ST/STM32F7xx/Include -I../Drivers/CMSIS/Include -O0 -ffunction-sections -fdata-sections -Wall -fstack-usage -fcyclomatic-complexity -MMD -MP -MF"Core/Src/syscalls.d" -MT"Core/Src/syscalls.o" --specs=nano.specs -mfpu=fpv5-d16 -mfloat-abi=hard -mthumb -o "Core/Src/syscalls.o"
arm-none-eabi-gcc "../Core/Src/sysmem.c" -mcpu=cortex-m7 -std=gnu11 -g3 -DDEBUG -DUSE_HAL_DRIVER -DSTM32F767xx -c -I../Core/Inc -I../Drivers/STM32F7xx_HAL_Driver/Inc -I../Drivers/STM32F7xx_HAL_Driver/Inc/Legacy -I../Drivers/CMSIS/Device/ST/STM32F7xx/Include -I../Drivers/CMSIS/Include -O0 -ffunction-sections -fdata-sections -Wall -fstack-usage -fcyclomatic-complexity -MMD -MP -MF"Core/Src/sysmem.d" -MT"Core/Src/sysmem.o" --specs=nano.specs -mfpu=fpv5-d16 -mfloat-abi=hard -mthumb -o "Core/Src/sysmem.o"
arm-none-eabi-gcc "../Core/Src/system_stm32f7xx.c" -mcpu=cortex-m7 -std=gnu11 -g3 -DDEBUG -DUSE_HAL_DRIVER -DSTM32F767xx -c -I../Core/Inc -I../Drivers/STM32F7xx_HAL_Driver/Inc -I../Drivers/STM32F7xx_HAL_Driver/Inc/Legacy -I../Drivers/CMSIS/Device/ST/STM32F7xx/Include -I../Drivers/CMSIS/Include -O0 -ffunction-sections -fdata-sections -Wall -fstack-usage -fcyclomatic-complexity -MMD -MP -MF"Core/Src/system_stm32f7xx.d" -MT"Core/Src/system_stm32f7xx.o" --specs=nano.specs -mfpu=fpv5-d16 -mfloat-abi=hard -mthumb -o "Core/Src/system_stm32f7xx.o"
../Core/Src/main.c:52:13: warning: 'MPU_Initialize' declared 'static' but never defined [-Wunused-function]
   52 | static void MPU_Initialize(void);
      |             ^~~~~~~~~~~~~~
arm-none-eabi-gcc -o "Lab1.elf" @"objects.list"   -mcpu=cortex-m7 -T"C:\Users\AVI003\STM32CubeIDE\MAD_Lab\Lab1\STM32F767ZITX_FLASH.ld" --specs=nosys.specs -Wl,-Map="Lab1.map" -Wl,--gc-sections -static --specs=nano.specs -mfpu=fpv5-d16 -mfloat-abi=hard -mthumb -Wl,--start-group -lc -lm -Wl,--end-group
Finished building target: Lab1.elf
 
arm-none-eabi-size   Lab1.elf 
arm-none-eabi-objdump -h -S  Lab1.elf  > "Lab1.list"
   text	   data	    bss	    dec	    hex	filename
   5388	     20	   1572	   6980	   1b44	Lab1.elf
Finished building: default.size.stdout
 
Finished building: Lab1.list
 
10:42:08 **** Incremental Build of configuration Debug for project Lab1 ****
make -j8 all 
arm-none-eabi-gcc "../Core/Src/main.c" -mcpu=cortex-m7 -std=gnu11 -g3 -DDEBUG -DUSE_HAL_DRIVER -DSTM32F767xx -c -I../Core/Inc -I../Drivers/STM32F7xx_HAL_Driver/Inc -I../Drivers/STM32F7xx_HAL_Driver/Inc/Legacy -I../Drivers/CMSIS/Device/ST/STM32F7xx/Include -I../Drivers/CMSIS/Include -O0 -ffunction-sections -fdata-sections -Wall -fstack-usage -fcyclomatic-complexity -MMD -MP -MF"Core/Src/main.d" -MT"Core/Src/main.o" --specs=nano.specs -mfpu=fpv5-d16 -mfloat-abi=hard -mthumb -o "Core/Src/main.o"
../Core/Src/main.c:52:13: warning: 'MPU_Initialize' declared 'static' but never defined [-Wunused-function]
   52 | static void MPU_Initialize(void);
      |             ^~~~~~~~~~~~~~
arm-none-eabi-gcc -o "Lab1.elf" @"objects.list"   -mcpu=cortex-m7 -T"C:\Users\AVI003\STM32CubeIDE\MAD_Lab\Lab1\STM32F767ZITX_FLASH.ld" --specs=nosys.specs -Wl,-Map="Lab1.map" -Wl,--gc-sections -static --specs=nano.specs -mfpu=fpv5-d16 -mfloat-abi=hard -mthumb -Wl,--start-group -lc -lm -Wl,--end-group
Finished building target: Lab1.elf
 
arm-none-eabi-size   Lab1.elf 
arm-none-eabi-objdump -h -S  Lab1.elf  > "Lab1.list"
   text	   data	    bss	    dec	    hex	filename
   6344	     20	   1572	   7936	   1f00	Lab1.elf
Finished building: default.size.stdout
 
Finished building: Lab1.list
 
10:48:00 **** Incremental Build of configuration Debug for project Lab1 ****
make -j8 all 
arm-none-eabi-size   Lab1.elf 
   text	   data	    bss	    dec	    hex	filename
   6344	     20	   1572	   7936	   1f00	Lab1.elf
Finished building: default.size.stdout
 
10:48:24 **** Incremental Build of configuration Debug for project Lab1 ****
make -j8 all 
arm-none-eabi-size   Lab1.elf 
   text	   data	    bss	    dec	    hex	filename
   6344	     20	   1572	   7936	   1f00	Lab1.elf
Finished building: default.size.stdout
 
10:58:53 **** Incremental Build of configuration Debug for project Lab1 ****
make -j8 all 
arm-none-eabi-size   Lab1.elf 
   text	   data	    bss	    dec	    hex	filename
   6344	     20	   1572	   7936	   1f00	Lab1.elf
Finished building: default.size.stdout
 
11:02:33 **** Incremental Build of configuration Debug for project Lab1 ****
make -j8 all 
arm-none-eabi-size   Lab1.elf 
   text	   data	    bss	    dec	    hex	filename
   6344	     20	   1572	   7936	   1f00	Lab1.elf
Finished building: default.size.stdout
 
11:05:23 **** Incremental Build of configuration Debug for project Lab1 ****
make -j8 all 
arm-none-eabi-size   Lab1.elf 
   text	   data	    bss	    dec	    hex	filename
   6344	     20	   1572	   7936	   1f00	Lab1.elf
Finished building: default.size.stdout
 
11:06:34 **** Incremental Build of configuration Debug for project Lab1 ****
make -j8 all 
arm-none-eabi-size   Lab1.elf 
   text	   data	    bss	    dec	    hex	filename
   6344	     20	   1572	   7936	   1f00	Lab1.elf
Finished building: default.size.stdout
 
11:06:41 **** Incremental Build of configuration Debug for project Lab1 ****
make -j8 all 
arm-none-eabi-size   Lab1.elf 
   text	   data	    bss	    dec	    hex	filename
   6344	     20	   1572	   7936	   1f00	Lab1.elf
Finished building: default.size.stdout
 
11:09:12 **** Incremental Build of configuration Debug for project Lab1 ****
make -j8 all 
arm-none-eabi-size   Lab1.elf 
   text	   data	    bss	    dec	    hex	filename
   6344	     20	   1572	   7936	   1f00	Lab1.elf
Finished building: default.size.stdout
 
11:10:11 **** Incremental Build of configuration Debug for project Lab1 ****
make -j8 all 
arm-none-eabi-size   Lab1.elf 
   text	   data	    bss	    dec	    hex	filename
   6344	     20	   1572	   7936	   1f00	Lab1.elf
Finished building: default.size.stdout
 
13:25:53 **** Build of configuration Debug for project Lab03_UART ****
make -j8 all 
arm-none-eabi-gcc "C:/Users/AVI003/STM32Cube/Repository/STM32Cube_FW_F7_V1.17.0/Drivers/STM32F7xx_HAL_Driver/Src/stm32f7xx_hal.c" -mcpu=cortex-m7 -std=gnu11 -g3 -DDEBUG -DUSE_HAL_DRIVER -DSTM32F767xx -c -I../Core/Inc -IC:/Users/AVI003/STM32Cube/Repository/STM32Cube_FW_F7_V1.17.0/Drivers/STM32F7xx_HAL_Driver/Inc -IC:/Users/AVI003/STM32Cube/Repository/STM32Cube_FW_F7_V1.17.0/Drivers/STM32F7xx_HAL_Driver/Inc/Legacy -IC:/Users/AVI003/STM32Cube/Repository/STM32Cube_FW_F7_V1.17.0/Drivers/CMSIS/Device/ST/STM32F7xx/Include -IC:/Users/AVI003/STM32Cube/Repository/STM32Cube_FW_F7_V1.17.0/Drivers/CMSIS/Include -O0 -ffunction-sections -fdata-sections -Wall -fstack-usage -fcyclomatic-complexity -MMD -MP -MF"Drivers/STM32F7xx_HAL_Driver/stm32f7xx_hal.d" -MT"Drivers/STM32F7xx_HAL_Driver/stm32f7xx_hal.o" --specs=nano.specs -mfpu=fpv5-d16 -mfloat-abi=hard -mthumb -o "Drivers/STM32F7xx_HAL_Driver/stm32f7xx_hal.o"
arm-none-eabi-gcc "C:/Users/AVI003/STM32Cube/Repository/STM32Cube_FW_F7_V1.17.0/Drivers/STM32F7xx_HAL_Driver/Src/stm32f7xx_hal_cortex.c" -mcpu=cortex-m7 -std=gnu11 -g3 -DDEBUG -DUSE_HAL_DRIVER -DSTM32F767xx -c -I../Core/Inc -IC:/Users/AVI003/STM32Cube/Repository/STM32Cube_FW_F7_V1.17.0/Drivers/STM32F7xx_HAL_Driver/Inc -IC:/Users/AVI003/STM32Cube/Repository/STM32Cube_FW_F7_V1.17.0/Drivers/STM32F7xx_HAL_Driver/Inc/Legacy -IC:/Users/AVI003/STM32Cube/Repository/STM32Cube_FW_F7_V1.17.0/Drivers/CMSIS/Device/ST/STM32F7xx/Include -IC:/Users/AVI003/STM32Cube/Repository/STM32Cube_FW_F7_V1.17.0/Drivers/CMSIS/Include -O0 -ffunction-sections -fdata-sections -Wall -fstack-usage -fcyclomatic-complexity -MMD -MP -MF"Drivers/STM32F7xx_HAL_Driver/stm32f7xx_hal_cortex.d" -MT"Drivers/STM32F7xx_HAL_Driver/stm32f7xx_hal_cortex.o" --specs=nano.specs -mfpu=fpv5-d16 -mfloat-abi=hard -mthumb -o "Drivers/STM32F7xx_HAL_Driver/stm32f7xx_hal_cortex.o"
arm-none-eabi-gcc "C:/Users/AVI003/STM32Cube/Repository/STM32Cube_FW_F7_V1.17.0/Drivers/STM32F7xx_HAL_Driver/Src/stm32f7xx_hal_dma.c" -mcpu=cortex-m7 -std=gnu11 -g3 -DDEBUG -DUSE_HAL_DRIVER -DSTM32F767xx -c -I../Core/Inc -IC:/Users/AVI003/STM32Cube/Repository/STM32Cube_FW_F7_V1.17.0/Drivers/STM32F7xx_HAL_Driver/Inc -IC:/Users/AVI003/STM32Cube/Repository/STM32Cube_FW_F7_V1.17.0/Drivers/STM32F7xx_HAL_Driver/Inc/Legacy -IC:/Users/AVI003/STM32Cube/Repository/STM32Cube_FW_F7_V1.17.0/Drivers/CMSIS/Device/ST/STM32F7xx/Include -IC:/Users/AVI003/STM32Cube/Repository/STM32Cube_FW_F7_V1.17.0/Drivers/CMSIS/Include -O0 -ffunction-sections -fdata-sections -Wall -fstack-usage -fcyclomatic-complexity -MMD -MP -MF"Drivers/STM32F7xx_HAL_Driver/stm32f7xx_hal_dma.d" -MT"Drivers/STM32F7xx_HAL_Driver/stm32f7xx_hal_dma.o" --specs=nano.specs -mfpu=fpv5-d16 -mfloat-abi=hard -mthumb -o "Drivers/STM32F7xx_HAL_Driver/stm32f7xx_hal_dma.o"
arm-none-eabi-gcc "C:/Users/AVI003/STM32Cube/Repository/STM32Cube_FW_F7_V1.17.0/Drivers/STM32F7xx_HAL_Driver/Src/stm32f7xx_hal_dma_ex.c" -mcpu=cortex-m7 -std=gnu11 -g3 -DDEBUG -DUSE_HAL_DRIVER -DSTM32F767xx -c -I../Core/Inc -IC:/Users/AVI003/STM32Cube/Repository/STM32Cube_FW_F7_V1.17.0/Drivers/STM32F7xx_HAL_Driver/Inc -IC:/Users/AVI003/STM32Cube/Repository/STM32Cube_FW_F7_V1.17.0/Drivers/STM32F7xx_HAL_Driver/Inc/Legacy -IC:/Users/AVI003/STM32Cube/Repository/STM32Cube_FW_F7_V1.17.0/Drivers/CMSIS/Device/ST/STM32F7xx/Include -IC:/Users/AVI003/STM32Cube/Repository/STM32Cube_FW_F7_V1.17.0/Drivers/CMSIS/Include -O0 -ffunction-sections -fdata-sections -Wall -fstack-usage -fcyclomatic-complexity -MMD -MP -MF"Drivers/STM32F7xx_HAL_Driver/stm32f7xx_hal_dma_ex.d" -MT"Drivers/STM32F7xx_HAL_Driver/stm32f7xx_hal_dma_ex.o" --specs=nano.specs -mfpu=fpv5-d16 -mfloat-abi=hard -mthumb -o "Drivers/STM32F7xx_HAL_Driver/stm32f7xx_hal_dma_ex.o"
arm-none-eabi-gcc "C:/Users/AVI003/STM32Cube/Repository/STM32Cube_FW_F7_V1.17.0/Drivers/STM32F7xx_HAL_Driver/Src/stm32f7xx_hal_exti.c" -mcpu=cortex-m7 -std=gnu11 -g3 -DDEBUG -DUSE_HAL_DRIVER -DSTM32F767xx -c -I../Core/Inc -IC:/Users/AVI003/STM32Cube/Repository/STM32Cube_FW_F7_V1.17.0/Drivers/STM32F7xx_HAL_Driver/Inc -IC:/Users/AVI003/STM32Cube/Repository/STM32Cube_FW_F7_V1.17.0/Drivers/STM32F7xx_HAL_Driver/Inc/Legacy -IC:/Users/AVI003/STM32Cube/Repository/STM32Cube_FW_F7_V1.17.0/Drivers/CMSIS/Device/ST/STM32F7xx/Include -IC:/Users/AVI003/STM32Cube/Repository/STM32Cube_FW_F7_V1.17.0/Drivers/CMSIS/Include -O0 -ffunction-sections -fdata-sections -Wall -fstack-usage -fcyclomatic-complexity -MMD -MP -MF"Drivers/STM32F7xx_HAL_Driver/stm32f7xx_hal_exti.d" -MT"Drivers/STM32F7xx_HAL_Driver/stm32f7xx_hal_exti.o" --specs=nano.specs -mfpu=fpv5-d16 -mfloat-abi=hard -mthumb -o "Drivers/STM32F7xx_HAL_Driver/stm32f7xx_hal_exti.o"
arm-none-eabi-gcc "C:/Users/AVI003/STM32Cube/Repository/STM32Cube_FW_F7_V1.17.0/Drivers/STM32F7xx_HAL_Driver/Src/stm32f7xx_hal_flash.c" -mcpu=cortex-m7 -std=gnu11 -g3 -DDEBUG -DUSE_HAL_DRIVER -DSTM32F767xx -c -I../Core/Inc -IC:/Users/AVI003/STM32Cube/Repository/STM32Cube_FW_F7_V1.17.0/Drivers/STM32F7xx_HAL_Driver/Inc -IC:/Users/AVI003/STM32Cube/Repository/STM32Cube_FW_F7_V1.17.0/Drivers/STM32F7xx_HAL_Driver/Inc/Legacy -IC:/Users/AVI003/STM32Cube/Repository/STM32Cube_FW_F7_V1.17.0/Drivers/CMSIS/Device/ST/STM32F7xx/Include -IC:/Users/AVI003/STM32Cube/Repository/STM32Cube_FW_F7_V1.17.0/Drivers/CMSIS/Include -O0 -ffunction-sections -fdata-sections -Wall -fstack-usage -fcyclomatic-complexity -MMD -MP -MF"Drivers/STM32F7xx_HAL_Driver/stm32f7xx_hal_flash.d" -MT"Drivers/STM32F7xx_HAL_Driver/stm32f7xx_hal_flash.o" --specs=nano.specs -mfpu=fpv5-d16 -mfloat-abi=hard -mthumb -o "Drivers/STM32F7xx_HAL_Driver/stm32f7xx_hal_flash.o"
arm-none-eabi-gcc "C:/Users/AVI003/STM32Cube/Repository/STM32Cube_FW_F7_V1.17.0/Drivers/STM32F7xx_HAL_Driver/Src/stm32f7xx_hal_flash_ex.c" -mcpu=cortex-m7 -std=gnu11 -g3 -DDEBUG -DUSE_HAL_DRIVER -DSTM32F767xx -c -I../Core/Inc -IC:/Users/AVI003/STM32Cube/Repository/STM32Cube_FW_F7_V1.17.0/Drivers/STM32F7xx_HAL_Driver/Inc -IC:/Users/AVI003/STM32Cube/Repository/STM32Cube_FW_F7_V1.17.0/Drivers/STM32F7xx_HAL_Driver/Inc/Legacy -IC:/Users/AVI003/STM32Cube/Repository/STM32Cube_FW_F7_V1.17.0/Drivers/CMSIS/Device/ST/STM32F7xx/Include -IC:/Users/AVI003/STM32Cube/Repository/STM32Cube_FW_F7_V1.17.0/Drivers/CMSIS/Include -O0 -ffunction-sections -fdata-sections -Wall -fstack-usage -fcyclomatic-complexity -MMD -MP -MF"Drivers/STM32F7xx_HAL_Driver/stm32f7xx_hal_flash_ex.d" -MT"Drivers/STM32F7xx_HAL_Driver/stm32f7xx_hal_flash_ex.o" --specs=nano.specs -mfpu=fpv5-d16 -mfloat-abi=hard -mthumb -o "Drivers/STM32F7xx_HAL_Driver/stm32f7xx_hal_flash_ex.o"
arm-none-eabi-gcc "C:/Users/AVI003/STM32Cube/Repository/STM32Cube_FW_F7_V1.17.0/Drivers/STM32F7xx_HAL_Driver/Src/stm32f7xx_hal_gpio.c" -mcpu=cortex-m7 -std=gnu11 -g3 -DDEBUG -DUSE_HAL_DRIVER -DSTM32F767xx -c -I../Core/Inc -IC:/Users/AVI003/STM32Cube/Repository/STM32Cube_FW_F7_V1.17.0/Drivers/STM32F7xx_HAL_Driver/Inc -IC:/Users/AVI003/STM32Cube/Repository/STM32Cube_FW_F7_V1.17.0/Drivers/STM32F7xx_HAL_Driver/Inc/Legacy -IC:/Users/AVI003/STM32Cube/Repository/STM32Cube_FW_F7_V1.17.0/Drivers/CMSIS/Device/ST/STM32F7xx/Include -IC:/Users/AVI003/STM32Cube/Repository/STM32Cube_FW_F7_V1.17.0/Drivers/CMSIS/Include -O0 -ffunction-sections -fdata-sections -Wall -fstack-usage -fcyclomatic-complexity -MMD -MP -MF"Drivers/STM32F7xx_HAL_Driver/stm32f7xx_hal_gpio.d" -MT"Drivers/STM32F7xx_HAL_Driver/stm32f7xx_hal_gpio.o" --specs=nano.specs -mfpu=fpv5-d16 -mfloat-abi=hard -mthumb -o "Drivers/STM32F7xx_HAL_Driver/stm32f7xx_hal_gpio.o"
arm-none-eabi-gcc "C:/Users/AVI003/STM32Cube/Repository/STM32Cube_FW_F7_V1.17.0/Drivers/STM32F7xx_HAL_Driver/Src/stm32f7xx_hal_i2c.c" -mcpu=cortex-m7 -std=gnu11 -g3 -DDEBUG -DUSE_HAL_DRIVER -DSTM32F767xx -c -I../Core/Inc -IC:/Users/AVI003/STM32Cube/Repository/STM32Cube_FW_F7_V1.17.0/Drivers/STM32F7xx_HAL_Driver/Inc -IC:/Users/AVI003/STM32Cube/Repository/STM32Cube_FW_F7_V1.17.0/Drivers/STM32F7xx_HAL_Driver/Inc/Legacy -IC:/Users/AVI003/STM32Cube/Repository/STM32Cube_FW_F7_V1.17.0/Drivers/CMSIS/Device/ST/STM32F7xx/Include -IC:/Users/AVI003/STM32Cube/Repository/STM32Cube_FW_F7_V1.17.0/Drivers/CMSIS/Include -O0 -ffunction-sections -fdata-sections -Wall -fstack-usage -fcyclomatic-complexity -MMD -MP -MF"Drivers/STM32F7xx_HAL_Driver/stm32f7xx_hal_i2c.d" -MT"Drivers/STM32F7xx_HAL_Driver/stm32f7xx_hal_i2c.o" --specs=nano.specs -mfpu=fpv5-d16 -mfloat-abi=hard -mthumb -o "Drivers/STM32F7xx_HAL_Driver/stm32f7xx_hal_i2c.o"
arm-none-eabi-gcc "C:/Users/AVI003/STM32Cube/Repository/STM32Cube_FW_F7_V1.17.0/Drivers/STM32F7xx_HAL_Driver/Src/stm32f7xx_hal_i2c_ex.c" -mcpu=cortex-m7 -std=gnu11 -g3 -DDEBUG -DUSE_HAL_DRIVER -DSTM32F767xx -c -I../Core/Inc -IC:/Users/AVI003/STM32Cube/Repository/STM32Cube_FW_F7_V1.17.0/Drivers/STM32F7xx_HAL_Driver/Inc -IC:/Users/AVI003/STM32Cube/Repository/STM32Cube_FW_F7_V1.17.0/Drivers/STM32F7xx_HAL_Driver/Inc/Legacy -IC:/Users/AVI003/STM32Cube/Repository/STM32Cube_FW_F7_V1.17.0/Drivers/CMSIS/Device/ST/STM32F7xx/Include -IC:/Users/AVI003/STM32Cube/Repository/STM32Cube_FW_F7_V1.17.0/Drivers/CMSIS/Include -O0 -ffunction-sections -fdata-sections -Wall -fstack-usage -fcyclomatic-complexity -MMD -MP -MF"Drivers/STM32F7xx_HAL_Driver/stm32f7xx_hal_i2c_ex.d" -MT"Drivers/STM32F7xx_HAL_Driver/stm32f7xx_hal_i2c_ex.o" --specs=nano.specs -mfpu=fpv5-d16 -mfloat-abi=hard -mthumb -o "Drivers/STM32F7xx_HAL_Driver/stm32f7xx_hal_i2c_ex.o"
arm-none-eabi-gcc "C:/Users/AVI003/STM32Cube/Repository/STM32Cube_FW_F7_V1.17.0/Drivers/STM32F7xx_HAL_Driver/Src/stm32f7xx_hal_pwr.c" -mcpu=cortex-m7 -std=gnu11 -g3 -DDEBUG -DUSE_HAL_DRIVER -DSTM32F767xx -c -I../Core/Inc -IC:/Users/AVI003/STM32Cube/Repository/STM32Cube_FW_F7_V1.17.0/Drivers/STM32F7xx_HAL_Driver/Inc -IC:/Users/AVI003/STM32Cube/Repository/STM32Cube_FW_F7_V1.17.0/Drivers/STM32F7xx_HAL_Driver/Inc/Legacy -IC:/Users/AVI003/STM32Cube/Repository/STM32Cube_FW_F7_V1.17.0/Drivers/CMSIS/Device/ST/STM32F7xx/Include -IC:/Users/AVI003/STM32Cube/Repository/STM32Cube_FW_F7_V1.17.0/Drivers/CMSIS/Include -O0 -ffunction-sections -fdata-sections -Wall -fstack-usage -fcyclomatic-complexity -MMD -MP -MF"Drivers/STM32F7xx_HAL_Driver/stm32f7xx_hal_pwr.d" -MT"Drivers/STM32F7xx_HAL_Driver/stm32f7xx_hal_pwr.o" --specs=nano.specs -mfpu=fpv5-d16 -mfloat-abi=hard -mthumb -o "Drivers/STM32F7xx_HAL_Driver/stm32f7xx_hal_pwr.o"
arm-none-eabi-gcc "C:/Users/AVI003/STM32Cube/Repository/STM32Cube_FW_F7_V1.17.0/Drivers/STM32F7xx_HAL_Driver/Src/stm32f7xx_hal_pwr_ex.c" -mcpu=cortex-m7 -std=gnu11 -g3 -DDEBUG -DUSE_HAL_DRIVER -DSTM32F767xx -c -I../Core/Inc -IC:/Users/AVI003/STM32Cube/Repository/STM32Cube_FW_F7_V1.17.0/Drivers/STM32F7xx_HAL_Driver/Inc -IC:/Users/AVI003/STM32Cube/Repository/STM32Cube_FW_F7_V1.17.0/Drivers/STM32F7xx_HAL_Driver/Inc/Legacy -IC:/Users/AVI003/STM32Cube/Repository/STM32Cube_FW_F7_V1.17.0/Drivers/CMSIS/Device/ST/STM32F7xx/Include -IC:/Users/AVI003/STM32Cube/Repository/STM32Cube_FW_F7_V1.17.0/Drivers/CMSIS/Include -O0 -ffunction-sections -fdata-sections -Wall -fstack-usage -fcyclomatic-complexity -MMD -MP -MF"Drivers/STM32F7xx_HAL_Driver/stm32f7xx_hal_pwr_ex.d" -MT"Drivers/STM32F7xx_HAL_Driver/stm32f7xx_hal_pwr_ex.o" --specs=nano.specs -mfpu=fpv5-d16 -mfloat-abi=hard -mthumb -o "Drivers/STM32F7xx_HAL_Driver/stm32f7xx_hal_pwr_ex.o"
arm-none-eabi-gcc "C:/Users/AVI003/STM32Cube/Repository/STM32Cube_FW_F7_V1.17.0/Drivers/STM32F7xx_HAL_Driver/Src/stm32f7xx_hal_rcc.c" -mcpu=cortex-m7 -std=gnu11 -g3 -DDEBUG -DUSE_HAL_DRIVER -DSTM32F767xx -c -I../Core/Inc -IC:/Users/AVI003/STM32Cube/Repository/STM32Cube_FW_F7_V1.17.0/Drivers/STM32F7xx_HAL_Driver/Inc -IC:/Users/AVI003/STM32Cube/Repository/STM32Cube_FW_F7_V1.17.0/Drivers/STM32F7xx_HAL_Driver/Inc/Legacy -IC:/Users/AVI003/STM32Cube/Repository/STM32Cube_FW_F7_V1.17.0/Drivers/CMSIS/Device/ST/STM32F7xx/Include -IC:/Users/AVI003/STM32Cube/Repository/STM32Cube_FW_F7_V1.17.0/Drivers/CMSIS/Include -O0 -ffunction-sections -fdata-sections -Wall -fstack-usage -fcyclomatic-complexity -MMD -MP -MF"Drivers/STM32F7xx_HAL_Driver/stm32f7xx_hal_rcc.d" -MT"Drivers/STM32F7xx_HAL_Driver/stm32f7xx_hal_rcc.o" --specs=nano.specs -mfpu=fpv5-d16 -mfloat-abi=hard -mthumb -o "Drivers/STM32F7xx_HAL_Driver/stm32f7xx_hal_rcc.o"
arm-none-eabi-gcc "C:/Users/AVI003/STM32Cube/Repository/STM32Cube_FW_F7_V1.17.0/Drivers/STM32F7xx_HAL_Driver/Src/stm32f7xx_hal_rcc_ex.c" -mcpu=cortex-m7 -std=gnu11 -g3 -DDEBUG -DUSE_HAL_DRIVER -DSTM32F767xx -c -I../Core/Inc -IC:/Users/AVI003/STM32Cube/Repository/STM32Cube_FW_F7_V1.17.0/Drivers/STM32F7xx_HAL_Driver/Inc -IC:/Users/AVI003/STM32Cube/Repository/STM32Cube_FW_F7_V1.17.0/Drivers/STM32F7xx_HAL_Driver/Inc/Legacy -IC:/Users/AVI003/STM32Cube/Repository/STM32Cube_FW_F7_V1.17.0/Drivers/CMSIS/Device/ST/STM32F7xx/Include -IC:/Users/AVI003/STM32Cube/Repository/STM32Cube_FW_F7_V1.17.0/Drivers/CMSIS/Include -O0 -ffunction-sections -fdata-sections -Wall -fstack-usage -fcyclomatic-complexity -MMD -MP -MF"Drivers/STM32F7xx_HAL_Driver/stm32f7xx_hal_rcc_ex.d" -MT"Drivers/STM32F7xx_HAL_Driver/stm32f7xx_hal_rcc_ex.o" --specs=nano.specs -mfpu=fpv5-d16 -mfloat-abi=hard -mthumb -o "Drivers/STM32F7xx_HAL_Driver/stm32f7xx_hal_rcc_ex.o"
arm-none-eabi-gcc "C:/Users/AVI003/STM32Cube/Repository/STM32Cube_FW_F7_V1.17.0/Drivers/STM32F7xx_HAL_Driver/Src/stm32f7xx_hal_uart.c" -mcpu=cortex-m7 -std=gnu11 -g3 -DDEBUG -DUSE_HAL_DRIVER -DSTM32F767xx -c -I../Core/Inc -IC:/Users/AVI003/STM32Cube/Repository/STM32Cube_FW_F7_V1.17.0/Drivers/STM32F7xx_HAL_Driver/Inc -IC:/Users/AVI003/STM32Cube/Repository/STM32Cube_FW_F7_V1.17.0/Drivers/STM32F7xx_HAL_Driver/Inc/Legacy -IC:/Users/AVI003/STM32Cube/Repository/STM32Cube_FW_F7_V1.17.0/Drivers/CMSIS/Device/ST/STM32F7xx/Include -IC:/Users/AVI003/STM32Cube/Repository/STM32Cube_FW_F7_V1.17.0/Drivers/CMSIS/Include -O0 -ffunction-sections -fdata-sections -Wall -fstack-usage -fcyclomatic-complexity -MMD -MP -MF"Drivers/STM32F7xx_HAL_Driver/stm32f7xx_hal_uart.d" -MT"Drivers/STM32F7xx_HAL_Driver/stm32f7xx_hal_uart.o" --specs=nano.specs -mfpu=fpv5-d16 -mfloat-abi=hard -mthumb -o "Drivers/STM32F7xx_HAL_Driver/stm32f7xx_hal_uart.o"
arm-none-eabi-gcc "C:/Users/AVI003/STM32Cube/Repository/STM32Cube_FW_F7_V1.17.0/Drivers/STM32F7xx_HAL_Driver/Src/stm32f7xx_hal_uart_ex.c" -mcpu=cortex-m7 -std=gnu11 -g3 -DDEBUG -DUSE_HAL_DRIVER -DSTM32F767xx -c -I../Core/Inc -IC:/Users/AVI003/STM32Cube/Repository/STM32Cube_FW_F7_V1.17.0/Drivers/STM32F7xx_HAL_Driver/Inc -IC:/Users/AVI003/STM32Cube/Repository/STM32Cube_FW_F7_V1.17.0/Drivers/STM32F7xx_HAL_Driver/Inc/Legacy -IC:/Users/AVI003/STM32Cube/Repository/STM32Cube_FW_F7_V1.17.0/Drivers/CMSIS/Device/ST/STM32F7xx/Include -IC:/Users/AVI003/STM32Cube/Repository/STM32Cube_FW_F7_V1.17.0/Drivers/CMSIS/Include -O0 -ffunction-sections -fdata-sections -Wall -fstack-usage -fcyclomatic-complexity -MMD -MP -MF"Drivers/STM32F7xx_HAL_Driver/stm32f7xx_hal_uart_ex.d" -MT"Drivers/STM32F7xx_HAL_Driver/stm32f7xx_hal_uart_ex.o" --specs=nano.specs -mfpu=fpv5-d16 -mfloat-abi=hard -mthumb -o "Drivers/STM32F7xx_HAL_Driver/stm32f7xx_hal_uart_ex.o"
arm-none-eabi-gcc -mcpu=cortex-m7 -g3 -DDEBUG -c -x assembler-with-cpp -MMD -MP -MF"Core/Startup/startup_stm32f767zitx.d" -MT"Core/Startup/startup_stm32f767zitx.o" --specs=nano.specs -mfpu=fpv5-d16 -mfloat-abi=hard -mthumb -o "Core/Startup/startup_stm32f767zitx.o" "../Core/Startup/startup_stm32f767zitx.s"
arm-none-eabi-gcc "../Core/Src/gpio.c" -mcpu=cortex-m7 -std=gnu11 -g3 -DDEBUG -DUSE_HAL_DRIVER -DSTM32F767xx -c -I../Core/Inc -IC:/Users/AVI003/STM32Cube/Repository/STM32Cube_FW_F7_V1.17.0/Drivers/STM32F7xx_HAL_Driver/Inc -IC:/Users/AVI003/STM32Cube/Repository/STM32Cube_FW_F7_V1.17.0/Drivers/STM32F7xx_HAL_Driver/Inc/Legacy -IC:/Users/AVI003/STM32Cube/Repository/STM32Cube_FW_F7_V1.17.0/Drivers/CMSIS/Device/ST/STM32F7xx/Include -IC:/Users/AVI003/STM32Cube/Repository/STM32Cube_FW_F7_V1.17.0/Drivers/CMSIS/Include -O0 -ffunction-sections -fdata-sections -Wall -fstack-usage -fcyclomatic-complexity -MMD -MP -MF"Core/Src/gpio.d" -MT"Core/Src/gpio.o" --specs=nano.specs -mfpu=fpv5-d16 -mfloat-abi=hard -mthumb -o "Core/Src/gpio.o"
arm-none-eabi-gcc "../Core/Src/main.c" -mcpu=cortex-m7 -std=gnu11 -g3 -DDEBUG -DUSE_HAL_DRIVER -DSTM32F767xx -c -I../Core/Inc -IC:/Users/AVI003/STM32Cube/Repository/STM32Cube_FW_F7_V1.17.0/Drivers/STM32F7xx_HAL_Driver/Inc -IC:/Users/AVI003/STM32Cube/Repository/STM32Cube_FW_F7_V1.17.0/Drivers/STM32F7xx_HAL_Driver/Inc/Legacy -IC:/Users/AVI003/STM32Cube/Repository/STM32Cube_FW_F7_V1.17.0/Drivers/CMSIS/Device/ST/STM32F7xx/Include -IC:/Users/AVI003/STM32Cube/Repository/STM32Cube_FW_F7_V1.17.0/Drivers/CMSIS/Include -O0 -ffunction-sections -fdata-sections -Wall -fstack-usage -fcyclomatic-complexity -MMD -MP -MF"Core/Src/main.d" -MT"Core/Src/main.o" --specs=nano.specs -mfpu=fpv5-d16 -mfloat-abi=hard -mthumb -o "Core/Src/main.o"
arm-none-eabi-gcc "../Core/Src/stm32f7xx_hal_msp.c" -mcpu=cortex-m7 -std=gnu11 -g3 -DDEBUG -DUSE_HAL_DRIVER -DSTM32F767xx -c -I../Core/Inc -IC:/Users/AVI003/STM32Cube/Repository/STM32Cube_FW_F7_V1.17.0/Drivers/STM32F7xx_HAL_Driver/Inc -IC:/Users/AVI003/STM32Cube/Repository/STM32Cube_FW_F7_V1.17.0/Drivers/STM32F7xx_HAL_Driver/Inc/Legacy -IC:/Users/AVI003/STM32Cube/Repository/STM32Cube_FW_F7_V1.17.0/Drivers/CMSIS/Device/ST/STM32F7xx/Include -IC:/Users/AVI003/STM32Cube/Repository/STM32Cube_FW_F7_V1.17.0/Drivers/CMSIS/Include -O0 -ffunction-sections -fdata-sections -Wall -fstack-usage -fcyclomatic-complexity -MMD -MP -MF"Core/Src/stm32f7xx_hal_msp.d" -MT"Core/Src/stm32f7xx_hal_msp.o" --specs=nano.specs -mfpu=fpv5-d16 -mfloat-abi=hard -mthumb -o "Core/Src/stm32f7xx_hal_msp.o"
arm-none-eabi-gcc "../Core/Src/stm32f7xx_it.c" -mcpu=cortex-m7 -std=gnu11 -g3 -DDEBUG -DUSE_HAL_DRIVER -DSTM32F767xx -c -I../Core/Inc -IC:/Users/AVI003/STM32Cube/Repository/STM32Cube_FW_F7_V1.17.0/Drivers/STM32F7xx_HAL_Driver/Inc -IC:/Users/AVI003/STM32Cube/Repository/STM32Cube_FW_F7_V1.17.0/Drivers/STM32F7xx_HAL_Driver/Inc/Legacy -IC:/Users/AVI003/STM32Cube/Repository/STM32Cube_FW_F7_V1.17.0/Drivers/CMSIS/Device/ST/STM32F7xx/Include -IC:/Users/AVI003/STM32Cube/Repository/STM32Cube_FW_F7_V1.17.0/Drivers/CMSIS/Include -O0 -ffunction-sections -fdata-sections -Wall -fstack-usage -fcyclomatic-complexity -MMD -MP -MF"Core/Src/stm32f7xx_it.d" -MT"Core/Src/stm32f7xx_it.o" --specs=nano.specs -mfpu=fpv5-d16 -mfloat-abi=hard -mthumb -o "Core/Src/stm32f7xx_it.o"
arm-none-eabi-gcc "../Core/Src/syscalls.c" -mcpu=cortex-m7 -std=gnu11 -g3 -DDEBUG -DUSE_HAL_DRIVER -DSTM32F767xx -c -I../Core/Inc -IC:/Users/AVI003/STM32Cube/Repository/STM32Cube_FW_F7_V1.17.0/Drivers/STM32F7xx_HAL_Driver/Inc -IC:/Users/AVI003/STM32Cube/Repository/STM32Cube_FW_F7_V1.17.0/Drivers/STM32F7xx_HAL_Driver/Inc/Legacy -IC:/Users/AVI003/STM32Cube/Repository/STM32Cube_FW_F7_V1.17.0/Drivers/CMSIS/Device/ST/STM32F7xx/Include -IC:/Users/AVI003/STM32Cube/Repository/STM32Cube_FW_F7_V1.17.0/Drivers/CMSIS/Include -O0 -ffunction-sections -fdata-sections -Wall -fstack-usage -fcyclomatic-complexity -MMD -MP -MF"Core/Src/syscalls.d" -MT"Core/Src/syscalls.o" --specs=nano.specs -mfpu=fpv5-d16 -mfloat-abi=hard -mthumb -o "Core/Src/syscalls.o"
arm-none-eabi-gcc "../Core/Src/sysmem.c" -mcpu=cortex-m7 -std=gnu11 -g3 -DDEBUG -DUSE_HAL_DRIVER -DSTM32F767xx -c -I../Core/Inc -IC:/Users/AVI003/STM32Cube/Repository/STM32Cube_FW_F7_V1.17.0/Drivers/STM32F7xx_HAL_Driver/Inc -IC:/Users/AVI003/STM32Cube/Repository/STM32Cube_FW_F7_V1.17.0/Drivers/STM32F7xx_HAL_Driver/Inc/Legacy -IC:/Users/AVI003/STM32Cube/Repository/STM32Cube_FW_F7_V1.17.0/Drivers/CMSIS/Device/ST/STM32F7xx/Include -IC:/Users/AVI003/STM32Cube/Repository/STM32Cube_FW_F7_V1.17.0/Drivers/CMSIS/Include -O0 -ffunction-sections -fdata-sections -Wall -fstack-usage -fcyclomatic-complexity -MMD -MP -MF"Core/Src/sysmem.d" -MT"Core/Src/sysmem.o" --specs=nano.specs -mfpu=fpv5-d16 -mfloat-abi=hard -mthumb -o "Core/Src/sysmem.o"
arm-none-eabi-gcc "../Core/Src/system_stm32f7xx.c" -mcpu=cortex-m7 -std=gnu11 -g3 -DDEBUG -DUSE_HAL_DRIVER -DSTM32F767xx -c -I../Core/Inc -IC:/Users/AVI003/STM32Cube/Repository/STM32Cube_FW_F7_V1.17.0/Drivers/STM32F7xx_HAL_Driver/Inc -IC:/Users/AVI003/STM32Cube/Repository/STM32Cube_FW_F7_V1.17.0/Drivers/STM32F7xx_HAL_Driver/Inc/Legacy -IC:/Users/AVI003/STM32Cube/Repository/STM32Cube_FW_F7_V1.17.0/Drivers/CMSIS/Device/ST/STM32F7xx/Include -IC:/Users/AVI003/STM32Cube/Repository/STM32Cube_FW_F7_V1.17.0/Drivers/CMSIS/Include -O0 -ffunction-sections -fdata-sections -Wall -fstack-usage -fcyclomatic-complexity -MMD -MP -MF"Core/Src/system_stm32f7xx.d" -MT"Core/Src/system_stm32f7xx.o" --specs=nano.specs -mfpu=fpv5-d16 -mfloat-abi=hard -mthumb -o "Core/Src/system_stm32f7xx.o"
arm-none-eabi-gcc "../Core/Src/usart.c" -mcpu=cortex-m7 -std=gnu11 -g3 -DDEBUG -DUSE_HAL_DRIVER -DSTM32F767xx -c -I../Core/Inc -IC:/Users/AVI003/STM32Cube/Repository/STM32Cube_FW_F7_V1.17.0/Drivers/STM32F7xx_HAL_Driver/Inc -IC:/Users/AVI003/STM32Cube/Repository/STM32Cube_FW_F7_V1.17.0/Drivers/STM32F7xx_HAL_Driver/Inc/Legacy -IC:/Users/AVI003/STM32Cube/Repository/STM32Cube_FW_F7_V1.17.0/Drivers/CMSIS/Device/ST/STM32F7xx/Include -IC:/Users/AVI003/STM32Cube/Repository/STM32Cube_FW_F7_V1.17.0/Drivers/CMSIS/Include -O0 -ffunction-sections -fdata-sections -Wall -fstack-usage -fcyclomatic-complexity -MMD -MP -MF"Core/Src/usart.d" -MT"Core/Src/usart.o" --specs=nano.specs -mfpu=fpv5-d16 -mfloat-abi=hard -mthumb -o "Core/Src/usart.o"
arm-none-eabi-gcc -o "Lab03_UART.elf" @"objects.list"   -mcpu=cortex-m7 -T"C:\Users\AVI003\STM32CubeIDE\MAD_Lab\Lab03_UART\STM32F767ZITX_FLASH.ld" --specs=nosys.specs -Wl,-Map="Lab03_UART.map" -Wl,--gc-sections -static --specs=nano.specs -mfpu=fpv5-d16 -mfloat-abi=hard -mthumb -Wl,--start-group -lc -lm -Wl,--end-group
Finished building target: Lab03_UART.elf
 
arm-none-eabi-size   Lab03_UART.elf 
arm-none-eabi-objdump -h -S  Lab03_UART.elf  > "Lab03_UART.list"
   text	   data	    bss	    dec	    hex	filename
  10536	     20	   1708	  12264	   2fe8	Lab03_UART.elf
Finished building: default.size.stdout
 
Finished building: Lab03_UART.list
 
13:26:21 **** Incremental Build of configuration Debug for project Lab03_UART ****
make -j8 all 
arm-none-eabi-gcc "../Core/Src/main.c" -mcpu=cortex-m7 -std=gnu11 -g3 -DDEBUG -DUSE_HAL_DRIVER -DSTM32F767xx -c -I../Core/Inc -IC:/Users/AVI003/STM32Cube/Repository/STM32Cube_FW_F7_V1.17.0/Drivers/STM32F7xx_HAL_Driver/Inc -IC:/Users/AVI003/STM32Cube/Repository/STM32Cube_FW_F7_V1.17.0/Drivers/STM32F7xx_HAL_Driver/Inc/Legacy -IC:/Users/AVI003/STM32Cube/Repository/STM32Cube_FW_F7_V1.17.0/Drivers/CMSIS/Device/ST/STM32F7xx/Include -IC:/Users/AVI003/STM32Cube/Repository/STM32Cube_FW_F7_V1.17.0/Drivers/CMSIS/Include -O0 -ffunction-sections -fdata-sections -Wall -fstack-usage -fcyclomatic-complexity -MMD -MP -MF"Core/Src/main.d" -MT"Core/Src/main.o" --specs=nano.specs -mfpu=fpv5-d16 -mfloat-abi=hard -mthumb -o "Core/Src/main.o"
arm-none-eabi-gcc -o "Lab03_UART.elf" @"objects.list"   -mcpu=cortex-m7 -T"C:\Users\AVI003\STM32CubeIDE\MAD_Lab\Lab03_UART\STM32F767ZITX_FLASH.ld" --specs=nosys.specs -Wl,-Map="Lab03_UART.map" -Wl,--gc-sections -static --specs=nano.specs -mfpu=fpv5-d16 -mfloat-abi=hard -mthumb -Wl,--start-group -lc -lm -Wl,--end-group
Finished building target: Lab03_UART.elf
 
arm-none-eabi-size   Lab03_UART.elf 
arm-none-eabi-objdump -h -S  Lab03_UART.elf  > "Lab03_UART.list"
   text	   data	    bss	    dec	    hex	filename
  10940	     40	   1704	  12684	   318c	Lab03_UART.elf
Finished building: default.size.stdout
 
Finished building: Lab03_UART.list
 
13:28:50 **** Incremental Build of configuration Debug for project Lab03_UART ****
make -j8 all 
arm-none-eabi-gcc "../Core/Src/main.c" -mcpu=cortex-m7 -std=gnu11 -g3 -DDEBUG -DUSE_HAL_DRIVER -DSTM32F767xx -c -I../Core/Inc -IC:/Users/AVI003/STM32Cube/Repository/STM32Cube_FW_F7_V1.17.0/Drivers/STM32F7xx_HAL_Driver/Inc -IC:/Users/AVI003/STM32Cube/Repository/STM32Cube_FW_F7_V1.17.0/Drivers/STM32F7xx_HAL_Driver/Inc/Legacy -IC:/Users/AVI003/STM32Cube/Repository/STM32Cube_FW_F7_V1.17.0/Drivers/CMSIS/Device/ST/STM32F7xx/Include -IC:/Users/AVI003/STM32Cube/Repository/STM32Cube_FW_F7_V1.17.0/Drivers/CMSIS/Include -O0 -ffunction-sections -fdata-sections -Wall -fstack-usage -fcyclomatic-complexity -MMD -MP -MF"Core/Src/main.d" -MT"Core/Src/main.o" --specs=nano.specs -mfpu=fpv5-d16 -mfloat-abi=hard -mthumb -o "Core/Src/main.o"
arm-none-eabi-gcc -o "Lab03_UART.elf" @"objects.list"   -mcpu=cortex-m7 -T"C:\Users\AVI003\STM32CubeIDE\MAD_Lab\Lab03_UART\STM32F767ZITX_FLASH.ld" --specs=nosys.specs -Wl,-Map="Lab03_UART.map" -Wl,--gc-sections -static --specs=nano.specs -mfpu=fpv5-d16 -mfloat-abi=hard -mthumb -Wl,--start-group -lc -lm -Wl,--end-group
Finished building target: Lab03_UART.elf
 
arm-none-eabi-size   Lab03_UART.elf 
arm-none-eabi-objdump -h -S  Lab03_UART.elf  > "Lab03_UART.list"
   text	   data	    bss	    dec	    hex	filename
  10916	     24	   1704	  12644	   3164	Lab03_UART.elf
Finished building: default.size.stdout
 
Finished building: Lab03_UART.list
 
13:30:10 **** Incremental Build of configuration Debug for project Lab03_UART ****
make -j8 all 
arm-none-eabi-gcc "../Core/Src/main.c" -mcpu=cortex-m7 -std=gnu11 -g3 -DDEBUG -DUSE_HAL_DRIVER -DSTM32F767xx -c -I../Core/Inc -IC:/Users/AVI003/STM32Cube/Repository/STM32Cube_FW_F7_V1.17.0/Drivers/STM32F7xx_HAL_Driver/Inc -IC:/Users/AVI003/STM32Cube/Repository/STM32Cube_FW_F7_V1.17.0/Drivers/STM32F7xx_HAL_Driver/Inc/Legacy -IC:/Users/AVI003/STM32Cube/Repository/STM32Cube_FW_F7_V1.17.0/Drivers/CMSIS/Device/ST/STM32F7xx/Include -IC:/Users/AVI003/STM32Cube/Repository/STM32Cube_FW_F7_V1.17.0/Drivers/CMSIS/Include -O0 -ffunction-sections -fdata-sections -Wall -fstack-usage -fcyclomatic-complexity -MMD -MP -MF"Core/Src/main.d" -MT"Core/Src/main.o" --specs=nano.specs -mfpu=fpv5-d16 -mfloat-abi=hard -mthumb -o "Core/Src/main.o"
arm-none-eabi-gcc -o "Lab03_UART.elf" @"objects.list"   -mcpu=cortex-m7 -T"C:\Users\AVI003\STM32CubeIDE\MAD_Lab\Lab03_UART\STM32F767ZITX_FLASH.ld" --specs=nosys.specs -Wl,-Map="Lab03_UART.map" -Wl,--gc-sections -static --specs=nano.specs -mfpu=fpv5-d16 -mfloat-abi=hard -mthumb -Wl,--start-group -lc -lm -Wl,--end-group
Finished building target: Lab03_UART.elf
 
arm-none-eabi-size   Lab03_UART.elf 
arm-none-eabi-objdump -h -S  Lab03_UART.elf  > "Lab03_UART.list"
   text	   data	    bss	    dec	    hex	filename
  10940	     40	   1704	  12684	   318c	Lab03_UART.elf
Finished building: default.size.stdout
 
Finished building: Lab03_UART.list
 
13:34:08 **** Incremental Build of configuration Debug for project Lab03_UART ****
make -j8 all 
arm-none-eabi-gcc "../Core/Src/main.c" -mcpu=cortex-m7 -std=gnu11 -g3 -DDEBUG -DUSE_HAL_DRIVER -DSTM32F767xx -c -I../Core/Inc -IC:/Users/AVI003/STM32Cube/Repository/STM32Cube_FW_F7_V1.17.0/Drivers/STM32F7xx_HAL_Driver/Inc -IC:/Users/AVI003/STM32Cube/Repository/STM32Cube_FW_F7_V1.17.0/Drivers/STM32F7xx_HAL_Driver/Inc/Legacy -IC:/Users/AVI003/STM32Cube/Repository/STM32Cube_FW_F7_V1.17.0/Drivers/CMSIS/Device/ST/STM32F7xx/Include -IC:/Users/AVI003/STM32Cube/Repository/STM32Cube_FW_F7_V1.17.0/Drivers/CMSIS/Include -O0 -ffunction-sections -fdata-sections -Wall -fstack-usage -fcyclomatic-complexity -MMD -MP -MF"Core/Src/main.d" -MT"Core/Src/main.o" --specs=nano.specs -mfpu=fpv5-d16 -mfloat-abi=hard -mthumb -o "Core/Src/main.o"
arm-none-eabi-gcc -o "Lab03_UART.elf" @"objects.list"   -mcpu=cortex-m7 -T"C:\Users\AVI003\STM32CubeIDE\MAD_Lab\Lab03_UART\STM32F767ZITX_FLASH.ld" --specs=nosys.specs -Wl,-Map="Lab03_UART.map" -Wl,--gc-sections -static --specs=nano.specs -mfpu=fpv5-d16 -mfloat-abi=hard -mthumb -Wl,--start-group -lc -lm -Wl,--end-group
Finished building target: Lab03_UART.elf
 
arm-none-eabi-size   Lab03_UART.elf 
arm-none-eabi-objdump -h -S  Lab03_UART.elf  > "Lab03_UART.list"
   text	   data	    bss	    dec	    hex	filename
  11368	     32	   1712	  13112	   3338	Lab03_UART.elf
Finished building: default.size.stdout
 
Finished building: Lab03_UART.list
 
13:35:00 **** Incremental Build of configuration Debug for project Lab03_UART ****
make -j8 all 
arm-none-eabi-gcc "../Core/Src/main.c" -mcpu=cortex-m7 -std=gnu11 -g3 -DDEBUG -DUSE_HAL_DRIVER -DSTM32F767xx -c -I../Core/Inc -IC:/Users/AVI003/STM32Cube/Repository/STM32Cube_FW_F7_V1.17.0/Drivers/STM32F7xx_HAL_Driver/Inc -IC:/Users/AVI003/STM32Cube/Repository/STM32Cube_FW_F7_V1.17.0/Drivers/STM32F7xx_HAL_Driver/Inc/Legacy -IC:/Users/AVI003/STM32Cube/Repository/STM32Cube_FW_F7_V1.17.0/Drivers/CMSIS/Device/ST/STM32F7xx/Include -IC:/Users/AVI003/STM32Cube/Repository/STM32Cube_FW_F7_V1.17.0/Drivers/CMSIS/Include -O0 -ffunction-sections -fdata-sections -Wall -fstack-usage -fcyclomatic-complexity -MMD -MP -MF"Core/Src/main.d" -MT"Core/Src/main.o" --specs=nano.specs -mfpu=fpv5-d16 -mfloat-abi=hard -mthumb -o "Core/Src/main.o"
arm-none-eabi-gcc -o "Lab03_UART.elf" @"objects.list"   -mcpu=cortex-m7 -T"C:\Users\AVI003\STM32CubeIDE\MAD_Lab\Lab03_UART\STM32F767ZITX_FLASH.ld" --specs=nosys.specs -Wl,-Map="Lab03_UART.map" -Wl,--gc-sections -static --specs=nano.specs -mfpu=fpv5-d16 -mfloat-abi=hard -mthumb -Wl,--start-group -lc -lm -Wl,--end-group
Finished building target: Lab03_UART.elf
 
arm-none-eabi-size   Lab03_UART.elf 
arm-none-eabi-objdump -h -S  Lab03_UART.elf  > "Lab03_UART.list"
   text	   data	    bss	    dec	    hex	filename
  11396	     32	   1712	  13140	   3354	Lab03_UART.elf
Finished building: default.size.stdout
 
Finished building: Lab03_UART.list
 
13:35:52 **** Incremental Build of configuration Debug for project Lab03_UART ****
make -j8 all 
arm-none-eabi-gcc "../Core/Src/main.c" -mcpu=cortex-m7 -std=gnu11 -g3 -DDEBUG -DUSE_HAL_DRIVER -DSTM32F767xx -c -I../Core/Inc -IC:/Users/AVI003/STM32Cube/Repository/STM32Cube_FW_F7_V1.17.0/Drivers/STM32F7xx_HAL_Driver/Inc -IC:/Users/AVI003/STM32Cube/Repository/STM32Cube_FW_F7_V1.17.0/Drivers/STM32F7xx_HAL_Driver/Inc/Legacy -IC:/Users/AVI003/STM32Cube/Repository/STM32Cube_FW_F7_V1.17.0/Drivers/CMSIS/Device/ST/STM32F7xx/Include -IC:/Users/AVI003/STM32Cube/Repository/STM32Cube_FW_F7_V1.17.0/Drivers/CMSIS/Include -O0 -ffunction-sections -fdata-sections -Wall -fstack-usage -fcyclomatic-complexity -MMD -MP -MF"Core/Src/main.d" -MT"Core/Src/main.o" --specs=nano.specs -mfpu=fpv5-d16 -mfloat-abi=hard -mthumb -o "Core/Src/main.o"
arm-none-eabi-gcc -o "Lab03_UART.elf" @"objects.list"   -mcpu=cortex-m7 -T"C:\Users\AVI003\STM32CubeIDE\MAD_Lab\Lab03_UART\STM32F767ZITX_FLASH.ld" --specs=nosys.specs -Wl,-Map="Lab03_UART.map" -Wl,--gc-sections -static --specs=nano.specs -mfpu=fpv5-d16 -mfloat-abi=hard -mthumb -Wl,--start-group -lc -lm -Wl,--end-group
Finished building target: Lab03_UART.elf
 
arm-none-eabi-size   Lab03_UART.elf 
arm-none-eabi-objdump -h -S  Lab03_UART.elf  > "Lab03_UART.list"
   text	   data	    bss	    dec	    hex	filename
  11396	     32	   1712	  13140	   3354	Lab03_UART.elf
Finished building: default.size.stdout
 
Finished building: Lab03_UART.list
 
13:38:48 **** Incremental Build of configuration Debug for project Lab03_UART ****
make -j8 all 
arm-none-eabi-gcc "../Core/Src/main.c" -mcpu=cortex-m7 -std=gnu11 -g3 -DDEBUG -DUSE_HAL_DRIVER -DSTM32F767xx -c -I../Core/Inc -IC:/Users/AVI003/STM32Cube/Repository/STM32Cube_FW_F7_V1.17.0/Drivers/STM32F7xx_HAL_Driver/Inc -IC:/Users/AVI003/STM32Cube/Repository/STM32Cube_FW_F7_V1.17.0/Drivers/STM32F7xx_HAL_Driver/Inc/Legacy -IC:/Users/AVI003/STM32Cube/Repository/STM32Cube_FW_F7_V1.17.0/Drivers/CMSIS/Device/ST/STM32F7xx/Include -IC:/Users/AVI003/STM32Cube/Repository/STM32Cube_FW_F7_V1.17.0/Drivers/CMSIS/Include -O0 -ffunction-sections -fdata-sections -Wall -fstack-usage -fcyclomatic-complexity -MMD -MP -MF"Core/Src/main.d" -MT"Core/Src/main.o" --specs=nano.specs -mfpu=fpv5-d16 -mfloat-abi=hard -mthumb -o "Core/Src/main.o"
arm-none-eabi-gcc -o "Lab03_UART.elf" @"objects.list"   -mcpu=cortex-m7 -T"C:\Users\AVI003\STM32CubeIDE\MAD_Lab\Lab03_UART\STM32F767ZITX_FLASH.ld" --specs=nosys.specs -Wl,-Map="Lab03_UART.map" -Wl,--gc-sections -static --specs=nano.specs -mfpu=fpv5-d16 -mfloat-abi=hard -mthumb -Wl,--start-group -lc -lm -Wl,--end-group
Finished building target: Lab03_UART.elf
 
arm-none-eabi-size   Lab03_UART.elf 
arm-none-eabi-objdump -h -S  Lab03_UART.elf  > "Lab03_UART.list"
   text	   data	    bss	    dec	    hex	filename
  11368	     32	   1712	  13112	   3338	Lab03_UART.elf
Finished building: default.size.stdout
 
Finished building: Lab03_UART.list
 
13:50:42 **** Incremental Build of configuration Debug for project Lab03_UART ****
make -j8 all 
arm-none-eabi-gcc "../Core/Src/main.c" -mcpu=cortex-m7 -std=gnu11 -g3 -DDEBUG -DUSE_HAL_DRIVER -DSTM32F767xx -c -I../Core/Inc -IC:/Users/AVI003/STM32Cube/Repository/STM32Cube_FW_F7_V1.17.0/Drivers/STM32F7xx_HAL_Driver/Inc -IC:/Users/AVI003/STM32Cube/Repository/STM32Cube_FW_F7_V1.17.0/Drivers/STM32F7xx_HAL_Driver/Inc/Legacy -IC:/Users/AVI003/STM32Cube/Repository/STM32Cube_FW_F7_V1.17.0/Drivers/CMSIS/Device/ST/STM32F7xx/Include -IC:/Users/AVI003/STM32Cube/Repository/STM32Cube_FW_F7_V1.17.0/Drivers/CMSIS/Include -O0 -ffunction-sections -fdata-sections -Wall -fstack-usage -fcyclomatic-complexity -MMD -MP -MF"Core/Src/main.d" -MT"Core/Src/main.o" --specs=nano.specs -mfpu=fpv5-d16 -mfloat-abi=hard -mthumb -o "Core/Src/main.o"
arm-none-eabi-gcc -o "Lab03_UART.elf" @"objects.list"   -mcpu=cortex-m7 -T"C:\Users\AVI003\STM32CubeIDE\MAD_Lab\Lab03_UART\STM32F767ZITX_FLASH.ld" --specs=nosys.specs -Wl,-Map="Lab03_UART.map" -Wl,--gc-sections -static --specs=nano.specs -mfpu=fpv5-d16 -mfloat-abi=hard -mthumb -Wl,--start-group -lc -lm -Wl,--end-group
Finished building target: Lab03_UART.elf
 
arm-none-eabi-size   Lab03_UART.elf 
arm-none-eabi-objdump -h -S  Lab03_UART.elf  > "Lab03_UART.list"
   text	   data	    bss	    dec	    hex	filename
  11396	     32	   1712	  13140	   3354	Lab03_UART.elf
Finished building: default.size.stdout
 
Finished building: Lab03_UART.list
 
13:51:47 **** Incremental Build of configuration Debug for project Lab03_UART ****
make -j8 all 
arm-none-eabi-gcc "../Core/Src/main.c" -mcpu=cortex-m7 -std=gnu11 -g3 -DDEBUG -DUSE_HAL_DRIVER -DSTM32F767xx -c -I../Core/Inc -IC:/Users/AVI003/STM32Cube/Repository/STM32Cube_FW_F7_V1.17.0/Drivers/STM32F7xx_HAL_Driver/Inc -IC:/Users/AVI003/STM32Cube/Repository/STM32Cube_FW_F7_V1.17.0/Drivers/STM32F7xx_HAL_Driver/Inc/Legacy -IC:/Users/AVI003/STM32Cube/Repository/STM32Cube_FW_F7_V1.17.0/Drivers/CMSIS/Device/ST/STM32F7xx/Include -IC:/Users/AVI003/STM32Cube/Repository/STM32Cube_FW_F7_V1.17.0/Drivers/CMSIS/Include -O0 -ffunction-sections -fdata-sections -Wall -fstack-usage -fcyclomatic-complexity -MMD -MP -MF"Core/Src/main.d" -MT"Core/Src/main.o" --specs=nano.specs -mfpu=fpv5-d16 -mfloat-abi=hard -mthumb -o "Core/Src/main.o"
arm-none-eabi-gcc -o "Lab03_UART.elf" @"objects.list"   -mcpu=cortex-m7 -T"C:\Users\AVI003\STM32CubeIDE\MAD_Lab\Lab03_UART\STM32F767ZITX_FLASH.ld" --specs=nosys.specs -Wl,-Map="Lab03_UART.map" -Wl,--gc-sections -static --specs=nano.specs -mfpu=fpv5-d16 -mfloat-abi=hard -mthumb -Wl,--start-group -lc -lm -Wl,--end-group
Finished building target: Lab03_UART.elf
 
arm-none-eabi-size   Lab03_UART.elf 
arm-none-eabi-objdump -h -S  Lab03_UART.elf  > "Lab03_UART.list"
   text	   data	    bss	    dec	    hex	filename
  11396	     32	   1712	  13140	   3354	Lab03_UART.elf
Finished building: default.size.stdout
 
Finished building: Lab03_UART.list
 
13:52:44 **** Incremental Build of configuration Debug for project Lab03_UART ****
make -j8 all 
arm-none-eabi-gcc "../Core/Src/main.c" -mcpu=cortex-m7 -std=gnu11 -g3 -DDEBUG -DUSE_HAL_DRIVER -DSTM32F767xx -c -I../Core/Inc -IC:/Users/AVI003/STM32Cube/Repository/STM32Cube_FW_F7_V1.17.0/Drivers/STM32F7xx_HAL_Driver/Inc -IC:/Users/AVI003/STM32Cube/Repository/STM32Cube_FW_F7_V1.17.0/Drivers/STM32F7xx_HAL_Driver/Inc/Legacy -IC:/Users/AVI003/STM32Cube/Repository/STM32Cube_FW_F7_V1.17.0/Drivers/CMSIS/Device/ST/STM32F7xx/Include -IC:/Users/AVI003/STM32Cube/Repository/STM32Cube_FW_F7_V1.17.0/Drivers/CMSIS/Include -O0 -ffunction-sections -fdata-sections -Wall -fstack-usage -fcyclomatic-complexity -MMD -MP -MF"Core/Src/main.d" -MT"Core/Src/main.o" --specs=nano.specs -mfpu=fpv5-d16 -mfloat-abi=hard -mthumb -o "Core/Src/main.o"
arm-none-eabi-gcc -o "Lab03_UART.elf" @"objects.list"   -mcpu=cortex-m7 -T"C:\Users\AVI003\STM32CubeIDE\MAD_Lab\Lab03_UART\STM32F767ZITX_FLASH.ld" --specs=nosys.specs -Wl,-Map="Lab03_UART.map" -Wl,--gc-sections -static --specs=nano.specs -mfpu=fpv5-d16 -mfloat-abi=hard -mthumb -Wl,--start-group -lc -lm -Wl,--end-group
Finished building target: Lab03_UART.elf
 
arm-none-eabi-size   Lab03_UART.elf 
arm-none-eabi-objdump -h -S  Lab03_UART.elf  > "Lab03_UART.list"
   text	   data	    bss	    dec	    hex	filename
  11396	     32	   1712	  13140	   3354	Lab03_UART.elf
Finished building: default.size.stdout
 
Finished building: Lab03_UART.list
 
13:53:23 **** Incremental Build of configuration Debug for project Lab03_UART ****
make -j8 all 
arm-none-eabi-gcc "../Core/Src/main.c" -mcpu=cortex-m7 -std=gnu11 -g3 -DDEBUG -DUSE_HAL_DRIVER -DSTM32F767xx -c -I../Core/Inc -IC:/Users/AVI003/STM32Cube/Repository/STM32Cube_FW_F7_V1.17.0/Drivers/STM32F7xx_HAL_Driver/Inc -IC:/Users/AVI003/STM32Cube/Repository/STM32Cube_FW_F7_V1.17.0/Drivers/STM32F7xx_HAL_Driver/Inc/Legacy -IC:/Users/AVI003/STM32Cube/Repository/STM32Cube_FW_F7_V1.17.0/Drivers/CMSIS/Device/ST/STM32F7xx/Include -IC:/Users/AVI003/STM32Cube/Repository/STM32Cube_FW_F7_V1.17.0/Drivers/CMSIS/Include -O0 -ffunction-sections -fdata-sections -Wall -fstack-usage -fcyclomatic-complexity -MMD -MP -MF"Core/Src/main.d" -MT"Core/Src/main.o" --specs=nano.specs -mfpu=fpv5-d16 -mfloat-abi=hard -mthumb -o "Core/Src/main.o"
arm-none-eabi-gcc -o "Lab03_UART.elf" @"objects.list"   -mcpu=cortex-m7 -T"C:\Users\AVI003\STM32CubeIDE\MAD_Lab\Lab03_UART\STM32F767ZITX_FLASH.ld" --specs=nosys.specs -Wl,-Map="Lab03_UART.map" -Wl,--gc-sections -static --specs=nano.specs -mfpu=fpv5-d16 -mfloat-abi=hard -mthumb -Wl,--start-group -lc -lm -Wl,--end-group
Finished building target: Lab03_UART.elf
 
arm-none-eabi-size   Lab03_UART.elf 
arm-none-eabi-objdump -h -S  Lab03_UART.elf  > "Lab03_UART.list"
   text	   data	    bss	    dec	    hex	filename
  10940	     40	   1704	  12684	   318c	Lab03_UART.elf
Finished building: default.size.stdout
 
Finished building: Lab03_UART.list
 
13:57:28 **** Incremental Build of configuration Debug for project Lab03_UART ****
make -j8 all 
arm-none-eabi-gcc "../Core/Src/main.c" -mcpu=cortex-m7 -std=gnu11 -g3 -DDEBUG -DUSE_HAL_DRIVER -DSTM32F767xx -c -I../Core/Inc -IC:/Users/AVI003/STM32Cube/Repository/STM32Cube_FW_F7_V1.17.0/Drivers/STM32F7xx_HAL_Driver/Inc -IC:/Users/AVI003/STM32Cube/Repository/STM32Cube_FW_F7_V1.17.0/Drivers/STM32F7xx_HAL_Driver/Inc/Legacy -IC:/Users/AVI003/STM32Cube/Repository/STM32Cube_FW_F7_V1.17.0/Drivers/CMSIS/Device/ST/STM32F7xx/Include -IC:/Users/AVI003/STM32Cube/Repository/STM32Cube_FW_F7_V1.17.0/Drivers/CMSIS/Include -O0 -ffunction-sections -fdata-sections -Wall -fstack-usage -fcyclomatic-complexity -MMD -MP -MF"Core/Src/main.d" -MT"Core/Src/main.o" --specs=nano.specs -mfpu=fpv5-d16 -mfloat-abi=hard -mthumb -o "Core/Src/main.o"
arm-none-eabi-gcc -o "Lab03_UART.elf" @"objects.list"   -mcpu=cortex-m7 -T"C:\Users\AVI003\STM32CubeIDE\MAD_Lab\Lab03_UART\STM32F767ZITX_FLASH.ld" --specs=nosys.specs -Wl,-Map="Lab03_UART.map" -Wl,--gc-sections -static --specs=nano.specs -mfpu=fpv5-d16 -mfloat-abi=hard -mthumb -Wl,--start-group -lc -lm -Wl,--end-group
Finished building target: Lab03_UART.elf
 
arm-none-eabi-size   Lab03_UART.elf 
arm-none-eabi-objdump -h -S  Lab03_UART.elf  > "Lab03_UART.list"
   text	   data	    bss	    dec	    hex	filename
  11396	     32	   1712	  13140	   3354	Lab03_UART.elf
Finished building: default.size.stdout
 
Finished building: Lab03_UART.list
 
13:58:19 **** Incremental Build of configuration Debug for project Lab03_UART ****
make -j8 all 
arm-none-eabi-gcc "../Core/Src/main.c" -mcpu=cortex-m7 -std=gnu11 -g3 -DDEBUG -DUSE_HAL_DRIVER -DSTM32F767xx -c -I../Core/Inc -IC:/Users/AVI003/STM32Cube/Repository/STM32Cube_FW_F7_V1.17.0/Drivers/STM32F7xx_HAL_Driver/Inc -IC:/Users/AVI003/STM32Cube/Repository/STM32Cube_FW_F7_V1.17.0/Drivers/STM32F7xx_HAL_Driver/Inc/Legacy -IC:/Users/AVI003/STM32Cube/Repository/STM32Cube_FW_F7_V1.17.0/Drivers/CMSIS/Device/ST/STM32F7xx/Include -IC:/Users/AVI003/STM32Cube/Repository/STM32Cube_FW_F7_V1.17.0/Drivers/CMSIS/Include -O0 -ffunction-sections -fdata-sections -Wall -fstack-usage -fcyclomatic-complexity -MMD -MP -MF"Core/Src/main.d" -MT"Core/Src/main.o" --specs=nano.specs -mfpu=fpv5-d16 -mfloat-abi=hard -mthumb -o "Core/Src/main.o"
arm-none-eabi-gcc -o "Lab03_UART.elf" @"objects.list"   -mcpu=cortex-m7 -T"C:\Users\AVI003\STM32CubeIDE\MAD_Lab\Lab03_UART\STM32F767ZITX_FLASH.ld" --specs=nosys.specs -Wl,-Map="Lab03_UART.map" -Wl,--gc-sections -static --specs=nano.specs -mfpu=fpv5-d16 -mfloat-abi=hard -mthumb -Wl,--start-group -lc -lm -Wl,--end-group
Finished building target: Lab03_UART.elf
 
arm-none-eabi-size   Lab03_UART.elf 
arm-none-eabi-objdump -h -S  Lab03_UART.elf  > "Lab03_UART.list"
   text	   data	    bss	    dec	    hex	filename
  11396	     32	   1712	  13140	   3354	Lab03_UART.elf
Finished building: default.size.stdout
 
Finished building: Lab03_UART.list
 
14:00:52 **** Incremental Build of configuration Debug for project Lab03_UART ****
make -j8 all 
arm-none-eabi-gcc "../Core/Src/main.c" -mcpu=cortex-m7 -std=gnu11 -g3 -DDEBUG -DUSE_HAL_DRIVER -DSTM32F767xx -c -I../Core/Inc -IC:/Users/AVI003/STM32Cube/Repository/STM32Cube_FW_F7_V1.17.0/Drivers/STM32F7xx_HAL_Driver/Inc -IC:/Users/AVI003/STM32Cube/Repository/STM32Cube_FW_F7_V1.17.0/Drivers/STM32F7xx_HAL_Driver/Inc/Legacy -IC:/Users/AVI003/STM32Cube/Repository/STM32Cube_FW_F7_V1.17.0/Drivers/CMSIS/Device/ST/STM32F7xx/Include -IC:/Users/AVI003/STM32Cube/Repository/STM32Cube_FW_F7_V1.17.0/Drivers/CMSIS/Include -O0 -ffunction-sections -fdata-sections -Wall -fstack-usage -fcyclomatic-complexity -MMD -MP -MF"Core/Src/main.d" -MT"Core/Src/main.o" --specs=nano.specs -mfpu=fpv5-d16 -mfloat-abi=hard -mthumb -o "Core/Src/main.o"
../Core/Src/main.c:61:1: error: expected ',' or ';' before 'void'
   61 | void SystemClock_Config(void);
      | ^~~~
../Core/Src/main.c: In function 'main':
../Core/Src/main.c:91:3: warning: implicit declaration of function 'SystemClock_Config'; did you mean 'SysTick_Config'? [-Wimplicit-function-declaration]
   91 |   SystemClock_Config();
      |   ^~~~~~~~~~~~~~~~~~
      |   SysTick_Config
../Core/Src/main.c: At top level:
../Core/Src/main.c:146:6: warning: conflicting types for 'SystemClock_Config'; have 'void(void)'
  146 | void SystemClock_Config(void)
      |      ^~~~~~~~~~~~~~~~~~
../Core/Src/main.c:91:3: note: previous implicit declaration of 'SystemClock_Config' with type 'void(void)'
   91 |   SystemClock_Config();
      |   ^~~~~~~~~~~~~~~~~~
make: *** [Core/Src/subdir.mk:40: Core/Src/main.o] Error 1
"make -j8 all" terminated with exit code 2. Build might be incomplete.
14:01:08 **** Incremental Build of configuration Debug for project Lab03_UART ****
make -j8 all 
arm-none-eabi-gcc "../Core/Src/main.c" -mcpu=cortex-m7 -std=gnu11 -g3 -DDEBUG -DUSE_HAL_DRIVER -DSTM32F767xx -c -I../Core/Inc -IC:/Users/AVI003/STM32Cube/Repository/STM32Cube_FW_F7_V1.17.0/Drivers/STM32F7xx_HAL_Driver/Inc -IC:/Users/AVI003/STM32Cube/Repository/STM32Cube_FW_F7_V1.17.0/Drivers/STM32F7xx_HAL_Driver/Inc/Legacy -IC:/Users/AVI003/STM32Cube/Repository/STM32Cube_FW_F7_V1.17.0/Drivers/CMSIS/Device/ST/STM32F7xx/Include -IC:/Users/AVI003/STM32Cube/Repository/STM32Cube_FW_F7_V1.17.0/Drivers/CMSIS/Include -O0 -ffunction-sections -fdata-sections -Wall -fstack-usage -fcyclomatic-complexity -MMD -MP -MF"Core/Src/main.d" -MT"Core/Src/main.o" --specs=nano.specs -mfpu=fpv5-d16 -mfloat-abi=hard -mthumb -o "Core/Src/main.o"
../Core/Src/main.c:61:1: error: expected ',' or ';' before 'void'
   61 | void SystemClock_Config(void);
      | ^~~~
../Core/Src/main.c: In function 'main':
../Core/Src/main.c:91:3: warning: implicit declaration of function 'SystemClock_Config'; did you mean 'SysTick_Config'? [-Wimplicit-function-declaration]
   91 |   SystemClock_Config();
      |   ^~~~~~~~~~~~~~~~~~
      |   SysTick_Config
../Core/Src/main.c: At top level:
../Core/Src/main.c:146:6: warning: conflicting types for 'SystemClock_Config'; have 'void(void)'
  146 | void SystemClock_Config(void)
      |      ^~~~~~~~~~~~~~~~~~
../Core/Src/main.c:91:3: note: previous implicit declaration of 'SystemClock_Config' with type 'void(void)'
   91 |   SystemClock_Config();
      |   ^~~~~~~~~~~~~~~~~~
make: *** [Core/Src/subdir.mk:40: Core/Src/main.o] Error 1
"make -j8 all" terminated with exit code 2. Build might be incomplete.
14:01:35 **** Incremental Build of configuration Debug for project Lab03_UART ****
make -j8 all 
arm-none-eabi-gcc "../Core/Src/main.c" -mcpu=cortex-m7 -std=gnu11 -g3 -DDEBUG -DUSE_HAL_DRIVER -DSTM32F767xx -c -I../Core/Inc -IC:/Users/AVI003/STM32Cube/Repository/STM32Cube_FW_F7_V1.17.0/Drivers/STM32F7xx_HAL_Driver/Inc -IC:/Users/AVI003/STM32Cube/Repository/STM32Cube_FW_F7_V1.17.0/Drivers/STM32F7xx_HAL_Driver/Inc/Legacy -IC:/Users/AVI003/STM32Cube/Repository/STM32Cube_FW_F7_V1.17.0/Drivers/CMSIS/Device/ST/STM32F7xx/Include -IC:/Users/AVI003/STM32Cube/Repository/STM32Cube_FW_F7_V1.17.0/Drivers/CMSIS/Include -O0 -ffunction-sections -fdata-sections -Wall -fstack-usage -fcyclomatic-complexity -MMD -MP -MF"Core/Src/main.d" -MT"Core/Src/main.o" --specs=nano.specs -mfpu=fpv5-d16 -mfloat-abi=hard -mthumb -o "Core/Src/main.o"
arm-none-eabi-gcc -o "Lab03_UART.elf" @"objects.list"   -mcpu=cortex-m7 -T"C:\Users\AVI003\STM32CubeIDE\MAD_Lab\Lab03_UART\STM32F767ZITX_FLASH.ld" --specs=nosys.specs -Wl,-Map="Lab03_UART.map" -Wl,--gc-sections -static --specs=nano.specs -mfpu=fpv5-d16 -mfloat-abi=hard -mthumb -Wl,--start-group -lc -lm -Wl,--end-group
Finished building target: Lab03_UART.elf
 
arm-none-eabi-size   Lab03_UART.elf 
arm-none-eabi-objdump -h -S  Lab03_UART.elf  > "Lab03_UART.list"
   text	   data	    bss	    dec	    hex	filename
  11456	     40	   1712	  13208	   3398	Lab03_UART.elf
Finished building: default.size.stdout
 
Finished building: Lab03_UART.list
 
14:02:16 **** Incremental Build of configuration Debug for project Lab03_UART ****
make -j8 all 
arm-none-eabi-gcc "../Core/Src/main.c" -mcpu=cortex-m7 -std=gnu11 -g3 -DDEBUG -DUSE_HAL_DRIVER -DSTM32F767xx -c -I../Core/Inc -IC:/Users/AVI003/STM32Cube/Repository/STM32Cube_FW_F7_V1.17.0/Drivers/STM32F7xx_HAL_Driver/Inc -IC:/Users/AVI003/STM32Cube/Repository/STM32Cube_FW_F7_V1.17.0/Drivers/STM32F7xx_HAL_Driver/Inc/Legacy -IC:/Users/AVI003/STM32Cube/Repository/STM32Cube_FW_F7_V1.17.0/Drivers/CMSIS/Device/ST/STM32F7xx/Include -IC:/Users/AVI003/STM32Cube/Repository/STM32Cube_FW_F7_V1.17.0/Drivers/CMSIS/Include -O0 -ffunction-sections -fdata-sections -Wall -fstack-usage -fcyclomatic-complexity -MMD -MP -MF"Core/Src/main.d" -MT"Core/Src/main.o" --specs=nano.specs -mfpu=fpv5-d16 -mfloat-abi=hard -mthumb -o "Core/Src/main.o"
arm-none-eabi-gcc -o "Lab03_UART.elf" @"objects.list"   -mcpu=cortex-m7 -T"C:\Users\AVI003\STM32CubeIDE\MAD_Lab\Lab03_UART\STM32F767ZITX_FLASH.ld" --specs=nosys.specs -Wl,-Map="Lab03_UART.map" -Wl,--gc-sections -static --specs=nano.specs -mfpu=fpv5-d16 -mfloat-abi=hard -mthumb -Wl,--start-group -lc -lm -Wl,--end-group
Finished building target: Lab03_UART.elf
 
arm-none-eabi-size   Lab03_UART.elf 
arm-none-eabi-objdump -h -S  Lab03_UART.elf  > "Lab03_UART.list"
   text	   data	    bss	    dec	    hex	filename
  11456	     40	   1712	  13208	   3398	Lab03_UART.elf
Finished building: default.size.stdout
 
Finished building: Lab03_UART.list
 
14:02:43 **** Incremental Build of configuration Debug for project Lab03_UART ****
make -j8 all 
arm-none-eabi-size   Lab03_UART.elf 
   text	   data	    bss	    dec	    hex	filename
  11456	     40	   1712	  13208	   3398	Lab03_UART.elf
Finished building: default.size.stdout
 
14:03:52 **** Incremental Build of configuration Debug for project Lab03_UART ****
make -j8 all 
arm-none-eabi-gcc "../Core/Src/main.c" -mcpu=cortex-m7 -std=gnu11 -g3 -DDEBUG -DUSE_HAL_DRIVER -DSTM32F767xx -c -I../Core/Inc -IC:/Users/AVI003/STM32Cube/Repository/STM32Cube_FW_F7_V1.17.0/Drivers/STM32F7xx_HAL_Driver/Inc -IC:/Users/AVI003/STM32Cube/Repository/STM32Cube_FW_F7_V1.17.0/Drivers/STM32F7xx_HAL_Driver/Inc/Legacy -IC:/Users/AVI003/STM32Cube/Repository/STM32Cube_FW_F7_V1.17.0/Drivers/CMSIS/Device/ST/STM32F7xx/Include -IC:/Users/AVI003/STM32Cube/Repository/STM32Cube_FW_F7_V1.17.0/Drivers/CMSIS/Include -O0 -ffunction-sections -fdata-sections -Wall -fstack-usage -fcyclomatic-complexity -MMD -MP -MF"Core/Src/main.d" -MT"Core/Src/main.o" --specs=nano.specs -mfpu=fpv5-d16 -mfloat-abi=hard -mthumb -o "Core/Src/main.o"
arm-none-eabi-gcc -o "Lab03_UART.elf" @"objects.list"   -mcpu=cortex-m7 -T"C:\Users\AVI003\STM32CubeIDE\MAD_Lab\Lab03_UART\STM32F767ZITX_FLASH.ld" --specs=nosys.specs -Wl,-Map="Lab03_UART.map" -Wl,--gc-sections -static --specs=nano.specs -mfpu=fpv5-d16 -mfloat-abi=hard -mthumb -Wl,--start-group -lc -lm -Wl,--end-group
Finished building target: Lab03_UART.elf
 
arm-none-eabi-size   Lab03_UART.elf 
arm-none-eabi-objdump -h -S  Lab03_UART.elf  > "Lab03_UART.list"
   text	   data	    bss	    dec	    hex	filename
  11456	     40	   1712	  13208	   3398	Lab03_UART.elf
Finished building: default.size.stdout
 
Finished building: Lab03_UART.list
 
14:05:37 **** Incremental Build of configuration Debug for project Lab03_UART ****
make -j8 all 
arm-none-eabi-gcc "../Core/Src/main.c" -mcpu=cortex-m7 -std=gnu11 -g3 -DDEBUG -DUSE_HAL_DRIVER -DSTM32F767xx -c -I../Core/Inc -IC:/Users/AVI003/STM32Cube/Repository/STM32Cube_FW_F7_V1.17.0/Drivers/STM32F7xx_HAL_Driver/Inc -IC:/Users/AVI003/STM32Cube/Repository/STM32Cube_FW_F7_V1.17.0/Drivers/STM32F7xx_HAL_Driver/Inc/Legacy -IC:/Users/AVI003/STM32Cube/Repository/STM32Cube_FW_F7_V1.17.0/Drivers/CMSIS/Device/ST/STM32F7xx/Include -IC:/Users/AVI003/STM32Cube/Repository/STM32Cube_FW_F7_V1.17.0/Drivers/CMSIS/Include -O0 -ffunction-sections -fdata-sections -Wall -fstack-usage -fcyclomatic-complexity -MMD -MP -MF"Core/Src/main.d" -MT"Core/Src/main.o" --specs=nano.specs -mfpu=fpv5-d16 -mfloat-abi=hard -mthumb -o "Core/Src/main.o"
arm-none-eabi-gcc -o "Lab03_UART.elf" @"objects.list"   -mcpu=cortex-m7 -T"C:\Users\AVI003\STM32CubeIDE\MAD_Lab\Lab03_UART\STM32F767ZITX_FLASH.ld" --specs=nosys.specs -Wl,-Map="Lab03_UART.map" -Wl,--gc-sections -static --specs=nano.specs -mfpu=fpv5-d16 -mfloat-abi=hard -mthumb -Wl,--start-group -lc -lm -Wl,--end-group
Finished building target: Lab03_UART.elf
 
arm-none-eabi-size   Lab03_UART.elf 
arm-none-eabi-objdump -h -S  Lab03_UART.elf  > "Lab03_UART.list"
   text	   data	    bss	    dec	    hex	filename
  11448	     40	   1712	  13200	   3390	Lab03_UART.elf
Finished building: default.size.stdout
 
Finished building: Lab03_UART.list
 
14:06:27 **** Incremental Build of configuration Debug for project Lab03_UART ****
make -j8 all 
arm-none-eabi-gcc "../Core/Src/main.c" -mcpu=cortex-m7 -std=gnu11 -g3 -DDEBUG -DUSE_HAL_DRIVER -DSTM32F767xx -c -I../Core/Inc -IC:/Users/AVI003/STM32Cube/Repository/STM32Cube_FW_F7_V1.17.0/Drivers/STM32F7xx_HAL_Driver/Inc -IC:/Users/AVI003/STM32Cube/Repository/STM32Cube_FW_F7_V1.17.0/Drivers/STM32F7xx_HAL_Driver/Inc/Legacy -IC:/Users/AVI003/STM32Cube/Repository/STM32Cube_FW_F7_V1.17.0/Drivers/CMSIS/Device/ST/STM32F7xx/Include -IC:/Users/AVI003/STM32Cube/Repository/STM32Cube_FW_F7_V1.17.0/Drivers/CMSIS/Include -O0 -ffunction-sections -fdata-sections -Wall -fstack-usage -fcyclomatic-complexity -MMD -MP -MF"Core/Src/main.d" -MT"Core/Src/main.o" --specs=nano.specs -mfpu=fpv5-d16 -mfloat-abi=hard -mthumb -o "Core/Src/main.o"
arm-none-eabi-gcc -o "Lab03_UART.elf" @"objects.list"   -mcpu=cortex-m7 -T"C:\Users\AVI003\STM32CubeIDE\MAD_Lab\Lab03_UART\STM32F767ZITX_FLASH.ld" --specs=nosys.specs -Wl,-Map="Lab03_UART.map" -Wl,--gc-sections -static --specs=nano.specs -mfpu=fpv5-d16 -mfloat-abi=hard -mthumb -Wl,--start-group -lc -lm -Wl,--end-group
Finished building target: Lab03_UART.elf
 
arm-none-eabi-size   Lab03_UART.elf 
arm-none-eabi-objdump -h -S  Lab03_UART.elf  > "Lab03_UART.list"
   text	   data	    bss	    dec	    hex	filename
  11464	     40	   1712	  13216	   33a0	Lab03_UART.elf
Finished building: default.size.stdout
 
Finished building: Lab03_UART.list
 
14:06:52 **** Incremental Build of configuration Debug for project Lab03_UART ****
make -j8 all 
arm-none-eabi-gcc "../Core/Src/main.c" -mcpu=cortex-m7 -std=gnu11 -g3 -DDEBUG -DUSE_HAL_DRIVER -DSTM32F767xx -c -I../Core/Inc -IC:/Users/AVI003/STM32Cube/Repository/STM32Cube_FW_F7_V1.17.0/Drivers/STM32F7xx_HAL_Driver/Inc -IC:/Users/AVI003/STM32Cube/Repository/STM32Cube_FW_F7_V1.17.0/Drivers/STM32F7xx_HAL_Driver/Inc/Legacy -IC:/Users/AVI003/STM32Cube/Repository/STM32Cube_FW_F7_V1.17.0/Drivers/CMSIS/Device/ST/STM32F7xx/Include -IC:/Users/AVI003/STM32Cube/Repository/STM32Cube_FW_F7_V1.17.0/Drivers/CMSIS/Include -O0 -ffunction-sections -fdata-sections -Wall -fstack-usage -fcyclomatic-complexity -MMD -MP -MF"Core/Src/main.d" -MT"Core/Src/main.o" --specs=nano.specs -mfpu=fpv5-d16 -mfloat-abi=hard -mthumb -o "Core/Src/main.o"
arm-none-eabi-gcc -o "Lab03_UART.elf" @"objects.list"   -mcpu=cortex-m7 -T"C:\Users\AVI003\STM32CubeIDE\MAD_Lab\Lab03_UART\STM32F767ZITX_FLASH.ld" --specs=nosys.specs -Wl,-Map="Lab03_UART.map" -Wl,--gc-sections -static --specs=nano.specs -mfpu=fpv5-d16 -mfloat-abi=hard -mthumb -Wl,--start-group -lc -lm -Wl,--end-group
Finished building target: Lab03_UART.elf
 
arm-none-eabi-size   Lab03_UART.elf 
arm-none-eabi-objdump -h -S  Lab03_UART.elf  > "Lab03_UART.list"
   text	   data	    bss	    dec	    hex	filename
  11480	     40	   1712	  13232	   33b0	Lab03_UART.elf
Finished building: default.size.stdout
 
Finished building: Lab03_UART.list
 
14:07:35 **** Incremental Build of configuration Debug for project Lab03_UART ****
make -j8 all 
arm-none-eabi-gcc "../Core/Src/main.c" -mcpu=cortex-m7 -std=gnu11 -g3 -DDEBUG -DUSE_HAL_DRIVER -DSTM32F767xx -c -I../Core/Inc -IC:/Users/AVI003/STM32Cube/Repository/STM32Cube_FW_F7_V1.17.0/Drivers/STM32F7xx_HAL_Driver/Inc -IC:/Users/AVI003/STM32Cube/Repository/STM32Cube_FW_F7_V1.17.0/Drivers/STM32F7xx_HAL_Driver/Inc/Legacy -IC:/Users/AVI003/STM32Cube/Repository/STM32Cube_FW_F7_V1.17.0/Drivers/CMSIS/Device/ST/STM32F7xx/Include -IC:/Users/AVI003/STM32Cube/Repository/STM32Cube_FW_F7_V1.17.0/Drivers/CMSIS/Include -O0 -ffunction-sections -fdata-sections -Wall -fstack-usage -fcyclomatic-complexity -MMD -MP -MF"Core/Src/main.d" -MT"Core/Src/main.o" --specs=nano.specs -mfpu=fpv5-d16 -mfloat-abi=hard -mthumb -o "Core/Src/main.o"
arm-none-eabi-gcc -o "Lab03_UART.elf" @"objects.list"   -mcpu=cortex-m7 -T"C:\Users\AVI003\STM32CubeIDE\MAD_Lab\Lab03_UART\STM32F767ZITX_FLASH.ld" --specs=nosys.specs -Wl,-Map="Lab03_UART.map" -Wl,--gc-sections -static --specs=nano.specs -mfpu=fpv5-d16 -mfloat-abi=hard -mthumb -Wl,--start-group -lc -lm -Wl,--end-group
Finished building target: Lab03_UART.elf
 
arm-none-eabi-size   Lab03_UART.elf 
arm-none-eabi-objdump -h -S  Lab03_UART.elf  > "Lab03_UART.list"
   text	   data	    bss	    dec	    hex	filename
  11448	     40	   1712	  13200	   3390	Lab03_UART.elf
Finished building: default.size.stdout
 
Finished building: Lab03_UART.list
 
14:08:20 **** Incremental Build of configuration Debug for project Lab03_UART ****
make -j8 all 
arm-none-eabi-gcc "../Core/Src/main.c" -mcpu=cortex-m7 -std=gnu11 -g3 -DDEBUG -DUSE_HAL_DRIVER -DSTM32F767xx -c -I../Core/Inc -IC:/Users/AVI003/STM32Cube/Repository/STM32Cube_FW_F7_V1.17.0/Drivers/STM32F7xx_HAL_Driver/Inc -IC:/Users/AVI003/STM32Cube/Repository/STM32Cube_FW_F7_V1.17.0/Drivers/STM32F7xx_HAL_Driver/Inc/Legacy -IC:/Users/AVI003/STM32Cube/Repository/STM32Cube_FW_F7_V1.17.0/Drivers/CMSIS/Device/ST/STM32F7xx/Include -IC:/Users/AVI003/STM32Cube/Repository/STM32Cube_FW_F7_V1.17.0/Drivers/CMSIS/Include -O0 -ffunction-sections -fdata-sections -Wall -fstack-usage -fcyclomatic-complexity -MMD -MP -MF"Core/Src/main.d" -MT"Core/Src/main.o" --specs=nano.specs -mfpu=fpv5-d16 -mfloat-abi=hard -mthumb -o "Core/Src/main.o"
arm-none-eabi-gcc -o "Lab03_UART.elf" @"objects.list"   -mcpu=cortex-m7 -T"C:\Users\AVI003\STM32CubeIDE\MAD_Lab\Lab03_UART\STM32F767ZITX_FLASH.ld" --specs=nosys.specs -Wl,-Map="Lab03_UART.map" -Wl,--gc-sections -static --specs=nano.specs -mfpu=fpv5-d16 -mfloat-abi=hard -mthumb -Wl,--start-group -lc -lm -Wl,--end-group
Finished building target: Lab03_UART.elf
 
arm-none-eabi-size   Lab03_UART.elf 
arm-none-eabi-objdump -h -S  Lab03_UART.elf  > "Lab03_UART.list"
   text	   data	    bss	    dec	    hex	filename
  11456	     40	   1712	  13208	   3398	Lab03_UART.elf
Finished building: default.size.stdout
 
Finished building: Lab03_UART.list
 
14:08:56 **** Incremental Build of configuration Debug for project Lab03_UART ****
make -j8 all 
arm-none-eabi-gcc "../Core/Src/main.c" -mcpu=cortex-m7 -std=gnu11 -g3 -DDEBUG -DUSE_HAL_DRIVER -DSTM32F767xx -c -I../Core/Inc -IC:/Users/AVI003/STM32Cube/Repository/STM32Cube_FW_F7_V1.17.0/Drivers/STM32F7xx_HAL_Driver/Inc -IC:/Users/AVI003/STM32Cube/Repository/STM32Cube_FW_F7_V1.17.0/Drivers/STM32F7xx_HAL_Driver/Inc/Legacy -IC:/Users/AVI003/STM32Cube/Repository/STM32Cube_FW_F7_V1.17.0/Drivers/CMSIS/Device/ST/STM32F7xx/Include -IC:/Users/AVI003/STM32Cube/Repository/STM32Cube_FW_F7_V1.17.0/Drivers/CMSIS/Include -O0 -ffunction-sections -fdata-sections -Wall -fstack-usage -fcyclomatic-complexity -MMD -MP -MF"Core/Src/main.d" -MT"Core/Src/main.o" --specs=nano.specs -mfpu=fpv5-d16 -mfloat-abi=hard -mthumb -o "Core/Src/main.o"
arm-none-eabi-gcc -o "Lab03_UART.elf" @"objects.list"   -mcpu=cortex-m7 -T"C:\Users\AVI003\STM32CubeIDE\MAD_Lab\Lab03_UART\STM32F767ZITX_FLASH.ld" --specs=nosys.specs -Wl,-Map="Lab03_UART.map" -Wl,--gc-sections -static --specs=nano.specs -mfpu=fpv5-d16 -mfloat-abi=hard -mthumb -Wl,--start-group -lc -lm -Wl,--end-group
Finished building target: Lab03_UART.elf
 
arm-none-eabi-size   Lab03_UART.elf 
arm-none-eabi-objdump -h -S  Lab03_UART.elf  > "Lab03_UART.list"
   text	   data	    bss	    dec	    hex	filename
  11456	     44	   1708	  13208	   3398	Lab03_UART.elf
Finished building: default.size.stdout
 
Finished building: Lab03_UART.list
 
14:09:28 **** Incremental Build of configuration Debug for project Lab03_UART ****
make -j8 all 
arm-none-eabi-gcc "../Core/Src/main.c" -mcpu=cortex-m7 -std=gnu11 -g3 -DDEBUG -DUSE_HAL_DRIVER -DSTM32F767xx -c -I../Core/Inc -IC:/Users/AVI003/STM32Cube/Repository/STM32Cube_FW_F7_V1.17.0/Drivers/STM32F7xx_HAL_Driver/Inc -IC:/Users/AVI003/STM32Cube/Repository/STM32Cube_FW_F7_V1.17.0/Drivers/STM32F7xx_HAL_Driver/Inc/Legacy -IC:/Users/AVI003/STM32Cube/Repository/STM32Cube_FW_F7_V1.17.0/Drivers/CMSIS/Device/ST/STM32F7xx/Include -IC:/Users/AVI003/STM32Cube/Repository/STM32Cube_FW_F7_V1.17.0/Drivers/CMSIS/Include -O0 -ffunction-sections -fdata-sections -Wall -fstack-usage -fcyclomatic-complexity -MMD -MP -MF"Core/Src/main.d" -MT"Core/Src/main.o" --specs=nano.specs -mfpu=fpv5-d16 -mfloat-abi=hard -mthumb -o "Core/Src/main.o"
arm-none-eabi-gcc -o "Lab03_UART.elf" @"objects.list"   -mcpu=cortex-m7 -T"C:\Users\AVI003\STM32CubeIDE\MAD_Lab\Lab03_UART\STM32F767ZITX_FLASH.ld" --specs=nosys.specs -Wl,-Map="Lab03_UART.map" -Wl,--gc-sections -static --specs=nano.specs -mfpu=fpv5-d16 -mfloat-abi=hard -mthumb -Wl,--start-group -lc -lm -Wl,--end-group
Finished building target: Lab03_UART.elf
 
arm-none-eabi-size   Lab03_UART.elf 
arm-none-eabi-objdump -h -S  Lab03_UART.elf  > "Lab03_UART.list"
   text	   data	    bss	    dec	    hex	filename
  11456	     40	   1712	  13208	   3398	Lab03_UART.elf
Finished building: default.size.stdout
 
Finished building: Lab03_UART.list
 
14:11:17 **** Incremental Build of configuration Debug for project Lab03_UART ****
make -j8 all 
arm-none-eabi-gcc "../Core/Src/main.c" -mcpu=cortex-m7 -std=gnu11 -g3 -DDEBUG -DUSE_HAL_DRIVER -DSTM32F767xx -c -I../Core/Inc -IC:/Users/AVI003/STM32Cube/Repository/STM32Cube_FW_F7_V1.17.0/Drivers/STM32F7xx_HAL_Driver/Inc -IC:/Users/AVI003/STM32Cube/Repository/STM32Cube_FW_F7_V1.17.0/Drivers/STM32F7xx_HAL_Driver/Inc/Legacy -IC:/Users/AVI003/STM32Cube/Repository/STM32Cube_FW_F7_V1.17.0/Drivers/CMSIS/Device/ST/STM32F7xx/Include -IC:/Users/AVI003/STM32Cube/Repository/STM32Cube_FW_F7_V1.17.0/Drivers/CMSIS/Include -O0 -ffunction-sections -fdata-sections -Wall -fstack-usage -fcyclomatic-complexity -MMD -MP -MF"Core/Src/main.d" -MT"Core/Src/main.o" --specs=nano.specs -mfpu=fpv5-d16 -mfloat-abi=hard -mthumb -o "Core/Src/main.o"
arm-none-eabi-gcc -o "Lab03_UART.elf" @"objects.list"   -mcpu=cortex-m7 -T"C:\Users\AVI003\STM32CubeIDE\MAD_Lab\Lab03_UART\STM32F767ZITX_FLASH.ld" --specs=nosys.specs -Wl,-Map="Lab03_UART.map" -Wl,--gc-sections -static --specs=nano.specs -mfpu=fpv5-d16 -mfloat-abi=hard -mthumb -Wl,--start-group -lc -lm -Wl,--end-group
Finished building target: Lab03_UART.elf
 
arm-none-eabi-size   Lab03_UART.elf 
arm-none-eabi-objdump -h -S  Lab03_UART.elf  > "Lab03_UART.list"
   text	   data	    bss	    dec	    hex	filename
  11456	     40	   1712	  13208	   3398	Lab03_UART.elf
Finished building: default.size.stdout
 
Finished building: Lab03_UART.list
 
14:12:41 **** Incremental Build of configuration Debug for project Lab03_UART ****
make -j8 all 
arm-none-eabi-gcc "../Core/Src/main.c" -mcpu=cortex-m7 -std=gnu11 -g3 -DDEBUG -DUSE_HAL_DRIVER -DSTM32F767xx -c -I../Core/Inc -IC:/Users/AVI003/STM32Cube/Repository/STM32Cube_FW_F7_V1.17.0/Drivers/STM32F7xx_HAL_Driver/Inc -IC:/Users/AVI003/STM32Cube/Repository/STM32Cube_FW_F7_V1.17.0/Drivers/STM32F7xx_HAL_Driver/Inc/Legacy -IC:/Users/AVI003/STM32Cube/Repository/STM32Cube_FW_F7_V1.17.0/Drivers/CMSIS/Device/ST/STM32F7xx/Include -IC:/Users/AVI003/STM32Cube/Repository/STM32Cube_FW_F7_V1.17.0/Drivers/CMSIS/Include -O0 -ffunction-sections -fdata-sections -Wall -fstack-usage -fcyclomatic-complexity -MMD -MP -MF"Core/Src/main.d" -MT"Core/Src/main.o" --specs=nano.specs -mfpu=fpv5-d16 -mfloat-abi=hard -mthumb -o "Core/Src/main.o"
../Core/Src/main.c:54:14: warning: missing terminating " character
   54 | char str[] = "\nInput => \r;
      |              ^
../Core/Src/main.c:54:14: error: missing terminating " character
   54 | char str[] = "\nInput => \r;
      |              ^~~~~~~~~~~~~~~
../Core/Src/main.c:55:1: error: expected expression before 'char'
   55 | char ch1;
      | ^~~~
../Core/Src/main.c: In function 'main':
../Core/Src/main.c:123:49: error: 'ch1' undeclared (first use in this function)
  123 |           HAL_UART_Receive(&huart3, (uint8_t*) &ch1, 1, 1000);
      |                                                 ^~~
../Core/Src/main.c:123:49: note: each undeclared identifier is reported only once for each function it appears in
make: *** [Core/Src/subdir.mk:40: Core/Src/main.o] Error 1
"make -j8 all" terminated with exit code 2. Build might be incomplete.
14:12:50 **** Incremental Build of configuration Debug for project Lab03_UART ****
make -j8 all 
[...]
arm-none-eabi-gcc "../Core/Src/syscalls.c" -mcpu=cortex-m7 -std=gnu11 -g3 -DDEBUG -DUSE_HAL_DRIVER -DSTM32F767xx -c -I../Core/Inc -I../Drivers/STM32F7xx_HAL_Driver/Inc -I../Drivers/STM32F7xx_HAL_Driver/Inc/Legacy -I../Drivers/CMSIS/Device/ST/STM32F7xx/Include -I../Drivers/CMSIS/Include -O0 -ffunction-sections -fdata-sections -Wall -fstack-usage -fcyclomatic-complexity -MMD -MP -MF"Core/Src/syscalls.d" -MT"Core/Src/syscalls.o" --specs=nano.specs -mfpu=fpv5-d16 -mfloat-abi=hard -mthumb -o "Core/Src/syscalls.o"
arm-none-eabi-gcc "../Core/Src/sysmem.c" -mcpu=cortex-m7 -std=gnu11 -g3 -DDEBUG -DUSE_HAL_DRIVER -DSTM32F767xx -c -I../Core/Inc -I../Drivers/STM32F7xx_HAL_Driver/Inc -I../Drivers/STM32F7xx_HAL_Driver/Inc/Legacy -I../Drivers/CMSIS/Device/ST/STM32F7xx/Include -I../Drivers/CMSIS/Include -O0 -ffunction-sections -fdata-sections -Wall -fstack-usage -fcyclomatic-complexity -MMD -MP -MF"Core/Src/sysmem.d" -MT"Core/Src/sysmem.o" --specs=nano.specs -mfpu=fpv5-d16 -mfloat-abi=hard -mthumb -o "Core/Src/sysmem.o"
arm-none-eabi-gcc "../Core/Src/system_stm32f7xx.c" -mcpu=cortex-m7 -std=gnu11 -g3 -DDEBUG -DUSE_HAL_DRIVER -DSTM32F767xx -c -I../Core/Inc -I../Drivers/STM32F7xx_HAL_Driver/Inc -I../Drivers/STM32F7xx_HAL_Driver/Inc/Legacy -I../Drivers/CMSIS/Device/ST/STM32F7xx/Include -I../Drivers/CMSIS/Include -O0 -ffunction-sections -fdata-sections -Wall -fstack-usage -fcyclomatic-complexity -MMD -MP -MF"Core/Src/system_stm32f7xx.d" -MT"Core/Src/system_stm32f7xx.o" --specs=nano.specs -mfpu=fpv5-d16 -mfloat-abi=hard -mthumb -o "Core/Src/system_stm32f7xx.o"
arm-none-eabi-gcc "../Core/Src/tim.c" -mcpu=cortex-m7 -std=gnu11 -g3 -DDEBUG -DUSE_HAL_DRIVER -DSTM32F767xx -c -I../Core/Inc -I../Drivers/STM32F7xx_HAL_Driver/Inc -I../Drivers/STM32F7xx_HAL_Driver/Inc/Legacy -I../Drivers/CMSIS/Device/ST/STM32F7xx/Include -I../Drivers/CMSIS/Include -O0 -ffunction-sections -fdata-sections -Wall -fstack-usage -fcyclomatic-complexity -MMD -MP -MF"Core/Src/tim.d" -MT"Core/Src/tim.o" --specs=nano.specs -mfpu=fpv5-d16 -mfloat-abi=hard -mthumb -o "Core/Src/tim.o"
arm-none-eabi-gcc "../Core/Src/usart.c" -mcpu=cortex-m7 -std=gnu11 -g3 -DDEBUG -DUSE_HAL_DRIVER -DSTM32F767xx -c -I../Core/Inc -I../Drivers/STM32F7xx_HAL_Driver/Inc -I../Drivers/STM32F7xx_HAL_Driver/Inc/Legacy -I../Drivers/CMSIS/Device/ST/STM32F7xx/Include -I../Drivers/CMSIS/Include -O0 -ffunction-sections -fdata-sections -Wall -fstack-usage -fcyclomatic-complexity -MMD -MP -MF"Core/Src/usart.d" -MT"Core/Src/usart.o" --specs=nano.specs -mfpu=fpv5-d16 -mfloat-abi=hard -mthumb -o "Core/Src/usart.o"
arm-none-eabi-gcc "../Core/Src/usb_otg.c" -mcpu=cortex-m7 -std=gnu11 -g3 -DDEBUG -DUSE_HAL_DRIVER -DSTM32F767xx -c -I../Core/Inc -I../Drivers/STM32F7xx_HAL_Driver/Inc -I../Drivers/STM32F7xx_HAL_Driver/Inc/Legacy -I../Drivers/CMSIS/Device/ST/STM32F7xx/Include -I../Drivers/CMSIS/Include -O0 -ffunction-sections -fdata-sections -Wall -fstack-usage -fcyclomatic-complexity -MMD -MP -MF"Core/Src/usb_otg.d" -MT"Core/Src/usb_otg.o" --specs=nano.specs -mfpu=fpv5-d16 -mfloat-abi=hard -mthumb -o "Core/Src/usb_otg.o"
arm-none-eabi-gcc -o "Lab7_PWM.elf" @"objects.list"   -mcpu=cortex-m7 -T"C:\Users\AVI003\STM32CubeIDE\MAD_Lab\Lab7_PWM\STM32F767ZITX_FLASH.ld" --specs=nosys.specs -Wl,-Map="Lab7_PWM.map" -Wl,--gc-sections -static --specs=nano.specs -mfpu=fpv5-d16 -mfloat-abi=hard -mthumb -Wl,--start-group -lc -lm -Wl,--end-group
Finished building target: Lab7_PWM.elf
 
arm-none-eabi-size   Lab7_PWM.elf 
arm-none-eabi-objdump -h -S  Lab7_PWM.elf  > "Lab7_PWM.list"
   text	   data	    bss	    dec	    hex	filename
  18040	     20	   3204	  21264	   5310	Lab7_PWM.elf
Finished building: default.size.stdout
 
Finished building: Lab7_PWM.list
 
15:26:01 **** Incremental Build of configuration Debug for project Lab7_PWM ****
make -j8 all 
arm-none-eabi-gcc "../Core/Src/main.c" -mcpu=cortex-m7 -std=gnu11 -g3 -DDEBUG -DUSE_HAL_DRIVER -DSTM32F767xx -c -I../Core/Inc -I../Drivers/STM32F7xx_HAL_Driver/Inc -I../Drivers/STM32F7xx_HAL_Driver/Inc/Legacy -I../Drivers/CMSIS/Device/ST/STM32F7xx/Include -I../Drivers/CMSIS/Include -O0 -ffunction-sections -fdata-sections -Wall -fstack-usage -fcyclomatic-complexity -MMD -MP -MF"Core/Src/main.d" -MT"Core/Src/main.o" --specs=nano.specs -mfpu=fpv5-d16 -mfloat-abi=hard -mthumb -o "Core/Src/main.o"
arm-none-eabi-gcc -o "Lab7_PWM.elf" @"objects.list"   -mcpu=cortex-m7 -T"C:\Users\AVI003\STM32CubeIDE\MAD_Lab\Lab7_PWM\STM32F767ZITX_FLASH.ld" --specs=nosys.specs -Wl,-Map="Lab7_PWM.map" -Wl,--gc-sections -static --specs=nano.specs -mfpu=fpv5-d16 -mfloat-abi=hard -mthumb -Wl,--start-group -lc -lm -Wl,--end-group
Finished building target: Lab7_PWM.elf
 
arm-none-eabi-size   Lab7_PWM.elf 
arm-none-eabi-objdump -h -S  Lab7_PWM.elf  > "Lab7_PWM.list"
   text	   data	    bss	    dec	    hex	filename
  18924	     20	   3212	  22156	   568c	Lab7_PWM.elf
Finished building: default.size.stdout
 
Finished building: Lab7_PWM.list
 
15:35:28 **** Incremental Build of configuration Debug for project Lab7_PWM ****
make -j8 all 
arm-none-eabi-gcc "../Core/Src/main.c" -mcpu=cortex-m7 -std=gnu11 -g3 -DDEBUG -DUSE_HAL_DRIVER -DSTM32F767xx -c -I../Core/Inc -I../Drivers/STM32F7xx_HAL_Driver/Inc -I../Drivers/STM32F7xx_HAL_Driver/Inc/Legacy -I../Drivers/CMSIS/Device/ST/STM32F7xx/Include -I../Drivers/CMSIS/Include -O0 -ffunction-sections -fdata-sections -Wall -fstack-usage -fcyclomatic-complexity -MMD -MP -MF"Core/Src/main.d" -MT"Core/Src/main.o" --specs=nano.specs -mfpu=fpv5-d16 -mfloat-abi=hard -mthumb -o "Core/Src/main.o"
../Core/Src/main.c: In function 'main':
../Core/Src/main.c:110:48: error: 'dutyCycle' undeclared (first use in this function); did you mean 'dutyCucle'?
  110 |           htim2.Instance -> CCR3 = (10000-1) * dutyCycle;
      |                                                ^~~~~~~~~
      |                                                dutyCucle
../Core/Src/main.c:110:48: note: each undeclared identifier is reported only once for each function it appears in
../Core/Src/main.c:70:15: warning: unused variable 'dutyCucle' [-Wunused-variable]
   70 |         float dutyCucle = 0.5;
      |               ^~~~~~~~~
make: *** [Core/Src/subdir.mk:46: Core/Src/main.o] Error 1
"make -j8 all" terminated with exit code 2. Build might be incomplete.
15:36:01 **** Incremental Build of configuration Debug for project Lab7_PWM ****
make -j8 all 
arm-none-eabi-gcc "../Core/Src/main.c" -mcpu=cortex-m7 -std=gnu11 -g3 -DDEBUG -DUSE_HAL_DRIVER -DSTM32F767xx -c -I../Core/Inc -I../Drivers/STM32F7xx_HAL_Driver/Inc -I../Drivers/STM32F7xx_HAL_Driver/Inc/Legacy -I../Drivers/CMSIS/Device/ST/STM32F7xx/Include -I../Drivers/CMSIS/Include -O0 -ffunction-sections -fdata-sections -Wall -fstack-usage -fcyclomatic-complexity -MMD -MP -MF"Core/Src/main.d" -MT"Core/Src/main.o" --specs=nano.specs -mfpu=fpv5-d16 -mfloat-abi=hard -mthumb -o "Core/Src/main.o"
arm-none-eabi-gcc -o "Lab7_PWM.elf" @"objects.list"   -mcpu=cortex-m7 -T"C:\Users\AVI003\STM32CubeIDE\MAD_Lab\Lab7_PWM\STM32F767ZITX_FLASH.ld" --specs=nosys.specs -Wl,-Map="Lab7_PWM.map" -Wl,--gc-sections -static --specs=nano.specs -mfpu=fpv5-d16 -mfloat-abi=hard -mthumb -Wl,--start-group -lc -lm -Wl,--end-group
Finished building target: Lab7_PWM.elf
 
arm-none-eabi-size   Lab7_PWM.elf 
arm-none-eabi-objdump -h -S  Lab7_PWM.elf  > "Lab7_PWM.list"
   text	   data	    bss	    dec	    hex	filename
  18960	     20	   3212	  22192	   56b0	Lab7_PWM.elf
Finished building: default.size.stdout
 
Finished building: Lab7_PWM.list
 
15:39:01 **** Incremental Build of configuration Debug for project Lab7_PWM ****
make -j8 all 
arm-none-eabi-gcc "../Core/Src/main.c" -mcpu=cortex-m7 -std=gnu11 -g3 -DDEBUG -DUSE_HAL_DRIVER -DSTM32F767xx -c -I../Core/Inc -I../Drivers/STM32F7xx_HAL_Driver/Inc -I../Drivers/STM32F7xx_HAL_Driver/Inc/Legacy -I../Drivers/CMSIS/Device/ST/STM32F7xx/Include -I../Drivers/CMSIS/Include -O0 -ffunction-sections -fdata-sections -Wall -fstack-usage -fcyclomatic-complexity -MMD -MP -MF"Core/Src/main.d" -MT"Core/Src/main.o" --specs=nano.specs -mfpu=fpv5-d16 -mfloat-abi=hard -mthumb -o "Core/Src/main.o"
arm-none-eabi-gcc -o "Lab7_PWM.elf" @"objects.list"   -mcpu=cortex-m7 -T"C:\Users\AVI003\STM32CubeIDE\MAD_Lab\Lab7_PWM\STM32F767ZITX_FLASH.ld" --specs=nosys.specs -Wl,-Map="Lab7_PWM.map" -Wl,--gc-sections -static --specs=nano.specs -mfpu=fpv5-d16 -mfloat-abi=hard -mthumb -Wl,--start-group -lc -lm -Wl,--end-group
Finished building target: Lab7_PWM.elf
 
arm-none-eabi-size   Lab7_PWM.elf 
arm-none-eabi-objdump -h -S  Lab7_PWM.elf  > "Lab7_PWM.list"
   text	   data	    bss	    dec	    hex	filename
  18960	     20	   3212	  22192	   56b0	Lab7_PWM.elf
Finished building: default.size.stdout
 
Finished building: Lab7_PWM.list
 
15:40:44 **** Incremental Build of configuration Debug for project Lab7_PWM ****
make -j8 all 
arm-none-eabi-gcc "../Core/Src/main.c" -mcpu=cortex-m7 -std=gnu11 -g3 -DDEBUG -DUSE_HAL_DRIVER -DSTM32F767xx -c -I../Core/Inc -I../Drivers/STM32F7xx_HAL_Driver/Inc -I../Drivers/STM32F7xx_HAL_Driver/Inc/Legacy -I../Drivers/CMSIS/Device/ST/STM32F7xx/Include -I../Drivers/CMSIS/Include -O0 -ffunction-sections -fdata-sections -Wall -fstack-usage -fcyclomatic-complexity -MMD -MP -MF"Core/Src/main.d" -MT"Core/Src/main.o" --specs=nano.specs -mfpu=fpv5-d16 -mfloat-abi=hard -mthumb -o "Core/Src/main.o"
arm-none-eabi-gcc -o "Lab7_PWM.elf" @"objects.list"   -mcpu=cortex-m7 -T"C:\Users\AVI003\STM32CubeIDE\MAD_Lab\Lab7_PWM\STM32F767ZITX_FLASH.ld" --specs=nosys.specs -Wl,-Map="Lab7_PWM.map" -Wl,--gc-sections -static --specs=nano.specs -mfpu=fpv5-d16 -mfloat-abi=hard -mthumb -Wl,--start-group -lc -lm -Wl,--end-group
Finished building target: Lab7_PWM.elf
 
arm-none-eabi-size   Lab7_PWM.elf 
arm-none-eabi-objdump -h -S  Lab7_PWM.elf  > "Lab7_PWM.list"
   text	   data	    bss	    dec	    hex	filename
  18960	     20	   3212	  22192	   56b0	Lab7_PWM.elf
Finished building: default.size.stdout
 
Finished building: Lab7_PWM.list
 
15:41:48 **** Incremental Build of configuration Debug for project Lab7_PWM ****
make -j8 all 
arm-none-eabi-gcc "../Core/Src/main.c" -mcpu=cortex-m7 -std=gnu11 -g3 -DDEBUG -DUSE_HAL_DRIVER -DSTM32F767xx -c -I../Core/Inc -I../Drivers/STM32F7xx_HAL_Driver/Inc -I../Drivers/STM32F7xx_HAL_Driver/Inc/Legacy -I../Drivers/CMSIS/Device/ST/STM32F7xx/Include -I../Drivers/CMSIS/Include -O0 -ffunction-sections -fdata-sections -Wall -fstack-usage -fcyclomatic-complexity -MMD -MP -MF"Core/Src/main.d" -MT"Core/Src/main.o" --specs=nano.specs -mfpu=fpv5-d16 -mfloat-abi=hard -mthumb -o "Core/Src/main.o"
arm-none-eabi-gcc -o "Lab7_PWM.elf" @"objects.list"   -mcpu=cortex-m7 -T"C:\Users\AVI003\STM32CubeIDE\MAD_Lab\Lab7_PWM\STM32F767ZITX_FLASH.ld" --specs=nosys.specs -Wl,-Map="Lab7_PWM.map" -Wl,--gc-sections -static --specs=nano.specs -mfpu=fpv5-d16 -mfloat-abi=hard -mthumb -Wl,--start-group -lc -lm -Wl,--end-group
Finished building target: Lab7_PWM.elf
 
arm-none-eabi-size   Lab7_PWM.elf 
arm-none-eabi-objdump -h -S  Lab7_PWM.elf  > "Lab7_PWM.list"
   text	   data	    bss	    dec	    hex	filename
  18960	     20	   3212	  22192	   56b0	Lab7_PWM.elf
Finished building: default.size.stdout
 
Finished building: Lab7_PWM.list
 
15:42:49 **** Incremental Build of configuration Debug for project Lab7_PWM ****
make -j8 all 
arm-none-eabi-gcc "../Core/Src/main.c" -mcpu=cortex-m7 -std=gnu11 -g3 -DDEBUG -DUSE_HAL_DRIVER -DSTM32F767xx -c -I../Core/Inc -I../Drivers/STM32F7xx_HAL_Driver/Inc -I../Drivers/STM32F7xx_HAL_Driver/Inc/Legacy -I../Drivers/CMSIS/Device/ST/STM32F7xx/Include -I../Drivers/CMSIS/Include -O0 -ffunction-sections -fdata-sections -Wall -fstack-usage -fcyclomatic-complexity -MMD -MP -MF"Core/Src/main.d" -MT"Core/Src/main.o" --specs=nano.specs -mfpu=fpv5-d16 -mfloat-abi=hard -mthumb -o "Core/Src/main.o"
arm-none-eabi-gcc -o "Lab7_PWM.elf" @"objects.list"   -mcpu=cortex-m7 -T"C:\Users\AVI003\STM32CubeIDE\MAD_Lab\Lab7_PWM\STM32F767ZITX_FLASH.ld" --specs=nosys.specs -Wl,-Map="Lab7_PWM.map" -Wl,--gc-sections -static --specs=nano.specs -mfpu=fpv5-d16 -mfloat-abi=hard -mthumb -Wl,--start-group -lc -lm -Wl,--end-group
Finished building target: Lab7_PWM.elf
 
arm-none-eabi-size   Lab7_PWM.elf 
arm-none-eabi-objdump -h -S  Lab7_PWM.elf  > "Lab7_PWM.list"
   text	   data	    bss	    dec	    hex	filename
  18960	     20	   3212	  22192	   56b0	Lab7_PWM.elf
Finished building: default.size.stdout
 
Finished building: Lab7_PWM.list
 
15:43:20 **** Incremental Build of configuration Debug for project Lab7_PWM ****
make -j8 all 
arm-none-eabi-size   Lab7_PWM.elf 
   text	   data	    bss	    dec	    hex	filename
  18960	     20	   3212	  22192	   56b0	Lab7_PWM.elf
Finished building: default.size.stdout
 
15:44:02 **** Incremental Build of configuration Debug for project Lab7_PWM ****
make -j8 all 
arm-none-eabi-gcc "../Core/Src/main.c" -mcpu=cortex-m7 -std=gnu11 -g3 -DDEBUG -DUSE_HAL_DRIVER -DSTM32F767xx -c -I../Core/Inc -I../Drivers/STM32F7xx_HAL_Driver/Inc -I../Drivers/STM32F7xx_HAL_Driver/Inc/Legacy -I../Drivers/CMSIS/Device/ST/STM32F7xx/Include -I../Drivers/CMSIS/Include -O0 -ffunction-sections -fdata-sections -Wall -fstack-usage -fcyclomatic-complexity -MMD -MP -MF"Core/Src/main.d" -MT"Core/Src/main.o" --specs=nano.specs -mfpu=fpv5-d16 -mfloat-abi=hard -mthumb -o "Core/Src/main.o"
arm-none-eabi-gcc -o "Lab7_PWM.elf" @"objects.list"   -mcpu=cortex-m7 -T"C:\Users\AVI003\STM32CubeIDE\MAD_Lab\Lab7_PWM\STM32F767ZITX_FLASH.ld" --specs=nosys.specs -Wl,-Map="Lab7_PWM.map" -Wl,--gc-sections -static --specs=nano.specs -mfpu=fpv5-d16 -mfloat-abi=hard -mthumb -Wl,--start-group -lc -lm -Wl,--end-group
Finished building target: Lab7_PWM.elf
 
arm-none-eabi-size   Lab7_PWM.elf 
arm-none-eabi-objdump -h -S  Lab7_PWM.elf  > "Lab7_PWM.list"
   text	   data	    bss	    dec	    hex	filename
  18960	     20	   3212	  22192	   56b0	Lab7_PWM.elf
Finished building: default.size.stdout
 
Finished building: Lab7_PWM.list
 
15:44:45 **** Incremental Build of configuration Debug for project Lab7_PWM ****
make -j8 all 
arm-none-eabi-gcc "../Core/Src/main.c" -mcpu=cortex-m7 -std=gnu11 -g3 -DDEBUG -DUSE_HAL_DRIVER -DSTM32F767xx -c -I../Core/Inc -I../Drivers/STM32F7xx_HAL_Driver/Inc -I../Drivers/STM32F7xx_HAL_Driver/Inc/Legacy -I../Drivers/CMSIS/Device/ST/STM32F7xx/Include -I../Drivers/CMSIS/Include -O0 -ffunction-sections -fdata-sections -Wall -fstack-usage -fcyclomatic-complexity -MMD -MP -MF"Core/Src/main.d" -MT"Core/Src/main.o" --specs=nano.specs -mfpu=fpv5-d16 -mfloat-abi=hard -mthumb -o "Core/Src/main.o"
arm-none-eabi-gcc -o "Lab7_PWM.elf" @"objects.list"   -mcpu=cortex-m7 -T"C:\Users\AVI003\STM32CubeIDE\MAD_Lab\Lab7_PWM\STM32F767ZITX_FLASH.ld" --specs=nosys.specs -Wl,-Map="Lab7_PWM.map" -Wl,--gc-sections -static --specs=nano.specs -mfpu=fpv5-d16 -mfloat-abi=hard -mthumb -Wl,--start-group -lc -lm -Wl,--end-group
Finished building target: Lab7_PWM.elf
 
arm-none-eabi-size   Lab7_PWM.elf 
arm-none-eabi-objdump -h -S  Lab7_PWM.elf  > "Lab7_PWM.list"
   text	   data	    bss	    dec	    hex	filename
  18960	     20	   3212	  22192	   56b0	Lab7_PWM.elf
Finished building: default.size.stdout
 
Finished building: Lab7_PWM.list
 
15:45:20 **** Incremental Build of configuration Debug for project Lab7_PWM ****
make -j8 all 
arm-none-eabi-gcc "../Core/Src/main.c" -mcpu=cortex-m7 -std=gnu11 -g3 -DDEBUG -DUSE_HAL_DRIVER -DSTM32F767xx -c -I../Core/Inc -I../Drivers/STM32F7xx_HAL_Driver/Inc -I../Drivers/STM32F7xx_HAL_Driver/Inc/Legacy -I../Drivers/CMSIS/Device/ST/STM32F7xx/Include -I../Drivers/CMSIS/Include -O0 -ffunction-sections -fdata-sections -Wall -fstack-usage -fcyclomatic-complexity -MMD -MP -MF"Core/Src/main.d" -MT"Core/Src/main.o" --specs=nano.specs -mfpu=fpv5-d16 -mfloat-abi=hard -mthumb -o "Core/Src/main.o"
arm-none-eabi-gcc -o "Lab7_PWM.elf" @"objects.list"   -mcpu=cortex-m7 -T"C:\Users\AVI003\STM32CubeIDE\MAD_Lab\Lab7_PWM\STM32F767ZITX_FLASH.ld" --specs=nosys.specs -Wl,-Map="Lab7_PWM.map" -Wl,--gc-sections -static --specs=nano.specs -mfpu=fpv5-d16 -mfloat-abi=hard -mthumb -Wl,--start-group -lc -lm -Wl,--end-group
Finished building target: Lab7_PWM.elf
 
arm-none-eabi-size   Lab7_PWM.elf 
arm-none-eabi-objdump -h -S  Lab7_PWM.elf  > "Lab7_PWM.list"
   text	   data	    bss	    dec	    hex	filename
  18960	     20	   3212	  22192	   56b0	Lab7_PWM.elf
Finished building: default.size.stdout
 
Finished building: Lab7_PWM.list
 
15:48:14 **** Incremental Build of configuration Debug for project Lab7_PWM ****
make -j8 all 
arm-none-eabi-gcc "../Core/Src/main.c" -mcpu=cortex-m7 -std=gnu11 -g3 -DDEBUG -DUSE_HAL_DRIVER -DSTM32F767xx -c -I../Core/Inc -I../Drivers/STM32F7xx_HAL_Driver/Inc -I../Drivers/STM32F7xx_HAL_Driver/Inc/Legacy -I../Drivers/CMSIS/Device/ST/STM32F7xx/Include -I../Drivers/CMSIS/Include -O0 -ffunction-sections -fdata-sections -Wall -fstack-usage -fcyclomatic-complexity -MMD -MP -MF"Core/Src/main.d" -MT"Core/Src/main.o" --specs=nano.specs -mfpu=fpv5-d16 -mfloat-abi=hard -mthumb -o "Core/Src/main.o"
arm-none-eabi-gcc -o "Lab7_PWM.elf" @"objects.list"   -mcpu=cortex-m7 -T"C:\Users\AVI003\STM32CubeIDE\MAD_Lab\Lab7_PWM\STM32F767ZITX_FLASH.ld" --specs=nosys.specs -Wl,-Map="Lab7_PWM.map" -Wl,--gc-sections -static --specs=nano.specs -mfpu=fpv5-d16 -mfloat-abi=hard -mthumb -Wl,--start-group -lc -lm -Wl,--end-group
Finished building target: Lab7_PWM.elf
 
arm-none-eabi-size   Lab7_PWM.elf 
arm-none-eabi-objdump -h -S  Lab7_PWM.elf  > "Lab7_PWM.list"
   text	   data	    bss	    dec	    hex	filename
  18960	     20	   3212	  22192	   56b0	Lab7_PWM.elf
Finished building: default.size.stdout
 
Finished building: Lab7_PWM.list
 
15:49:05 **** Incremental Build of configuration Debug for project Lab7_PWM ****
make -j8 all 
arm-none-eabi-gcc "../Core/Src/main.c" -mcpu=cortex-m7 -std=gnu11 -g3 -DDEBUG -DUSE_HAL_DRIVER -DSTM32F767xx -c -I../Core/Inc -I../Drivers/STM32F7xx_HAL_Driver/Inc -I../Drivers/STM32F7xx_HAL_Driver/Inc/Legacy -I../Drivers/CMSIS/Device/ST/STM32F7xx/Include -I../Drivers/CMSIS/Include -O0 -ffunction-sections -fdata-sections -Wall -fstack-usage -fcyclomatic-complexity -MMD -MP -MF"Core/Src/main.d" -MT"Core/Src/main.o" --specs=nano.specs -mfpu=fpv5-d16 -mfloat-abi=hard -mthumb -o "Core/Src/main.o"
arm-none-eabi-gcc -o "Lab7_PWM.elf" @"objects.list"   -mcpu=cortex-m7 -T"C:\Users\AVI003\STM32CubeIDE\MAD_Lab\Lab7_PWM\STM32F767ZITX_FLASH.ld" --specs=nosys.specs -Wl,-Map="Lab7_PWM.map" -Wl,--gc-sections -static --specs=nano.specs -mfpu=fpv5-d16 -mfloat-abi=hard -mthumb -Wl,--start-group -lc -lm -Wl,--end-group
Finished building target: Lab7_PWM.elf
 
arm-none-eabi-size   Lab7_PWM.elf 
arm-none-eabi-objdump -h -S  Lab7_PWM.elf  > "Lab7_PWM.list"
   text	   data	    bss	    dec	    hex	filename
  18964	     20	   3212	  22196	   56b4	Lab7_PWM.elf
Finished building: default.size.stdout
 
Finished building: Lab7_PWM.list
 
15:50:04 **** Incremental Build of configuration Debug for project Lab7_PWM ****
make -j8 all 
arm-none-eabi-gcc "../Core/Src/main.c" -mcpu=cortex-m7 -std=gnu11 -g3 -DDEBUG -DUSE_HAL_DRIVER -DSTM32F767xx -c -I../Core/Inc -I../Drivers/STM32F7xx_HAL_Driver/Inc -I../Drivers/STM32F7xx_HAL_Driver/Inc/Legacy -I../Drivers/CMSIS/Device/ST/STM32F7xx/Include -I../Drivers/CMSIS/Include -O0 -ffunction-sections -fdata-sections -Wall -fstack-usage -fcyclomatic-complexity -MMD -MP -MF"Core/Src/main.d" -MT"Core/Src/main.o" --specs=nano.specs -mfpu=fpv5-d16 -mfloat-abi=hard -mthumb -o "Core/Src/main.o"
arm-none-eabi-gcc -o "Lab7_PWM.elf" @"objects.list"   -mcpu=cortex-m7 -T"C:\Users\AVI003\STM32CubeIDE\MAD_Lab\Lab7_PWM\STM32F767ZITX_FLASH.ld" --specs=nosys.specs -Wl,-Map="Lab7_PWM.map" -Wl,--gc-sections -static --specs=nano.specs -mfpu=fpv5-d16 -mfloat-abi=hard -mthumb -Wl,--start-group -lc -lm -Wl,--end-group
Finished building target: Lab7_PWM.elf
 
arm-none-eabi-size   Lab7_PWM.elf 
arm-none-eabi-objdump -h -S  Lab7_PWM.elf  > "Lab7_PWM.list"
   text	   data	    bss	    dec	    hex	filename
  18960	     20	   3212	  22192	   56b0	Lab7_PWM.elf
Finished building: default.size.stdout
 
Finished building: Lab7_PWM.list
 
