15:05:03 **** Incremental Build of configuration Debug for project Lab03_UART ****
make -j8 all 
arm-none-eabi-gcc "../Core/Src/main.c" -mcpu=cortex-m7 -std=gnu11 -g3 -DDEBUG -DUSE_HAL_DRIVER -DSTM32F767xx -c -I../Core/Inc -IC:/Users/AVI003/STM32Cube/Repository/STM32Cube_FW_F7_V1.17.0/Drivers/STM32F7xx_HAL_Driver/Inc -IC:/Users/AVI003/STM32Cube/Repository/STM32Cube_FW_F7_V1.17.0/Drivers/STM32F7xx_HAL_Driver/Inc/Legacy -IC:/Users/AVI003/STM32Cube/Repository/STM32Cube_FW_F7_V1.17.0/Drivers/CMSIS/Device/ST/STM32F7xx/Include -IC:/Users/AVI003/STM32Cube/Repository/STM32Cube_FW_F7_V1.17.0/Drivers/CMSIS/Include -O0 -ffunction-sections -fdata-sections -Wall -fstack-usage -fcyclomatic-complexity -MMD -MP -MF"Core/Src/main.d" -MT"Core/Src/main.o" --specs=nano.specs -mfpu=fpv5-d16 -mfloat-abi=hard -mthumb -o "Core/Src/main.o"
arm-none-eabi-gcc -o "Lab03_UART.elf" @"objects.list"   -mcpu=cortex-m7 -T"C:\Users\AVI003\STM32CubeIDE\MAD_Lab\Lab03_UART\STM32F767ZITX_FLASH.ld" --specs=nosys.specs -Wl,-Map="Lab03_UART.map" -Wl,--gc-sections -static --specs=nano.specs -mfpu=fpv5-d16 -mfloat-abi=hard -mthumb -Wl,--start-group -lc -lm -Wl,--end-group
Finished building target: Lab03_UART.elf
 
arm-none-eabi-size   Lab03_UART.elf 
arm-none-eabi-objdump -h -S  Lab03_UART.elf  > "Lab03_UART.list"
   text	   data	    bss	    dec	    hex	filename
  11844	    156	   1708	  13708	   358c	Lab03_UART.elf
Finished building: default.size.stdout
 
Finished building: Lab03_UART.list
 

15:05:04 Build Finished. 0 errors, 0 warnings. (took 1s.299ms)

