00:08:42 **** Incremental Build of configuration Debug for project Lab4_test ****
make -j8 all 
arm-none-eabi-gcc "../Core/Src/main.c" -mcpu=cortex-m7 -std=gnu11 -g3 -DDEBUG -DUSE_HAL_DRIVER -DSTM32F767xx -c -I../Core/Inc -I../Drivers/STM32F7xx_HAL_Driver/Inc -I../Drivers/STM32F7xx_HAL_Driver/Inc/Legacy -I../Drivers/CMSIS/Device/ST/STM32F7xx/Include -I../Drivers/CMSIS/Include -O0 -ffunction-sections -fdata-sections -Wall -fstack-usage -fcyclomatic-complexity -MMD -MP -MF"Core/Src/main.d" -MT"Core/Src/main.o" --specs=nano.specs -mfpu=fpv5-d16 -mfloat-abi=hard -mthumb -o "Core/Src/main.o"
arm-none-eabi-g++ -o "Lab4_test.elf" @"objects.list"   -mcpu=cortex-m7 -T"D:\BAITOEY\University\2566\1-2566\MAD\MICROCONTROLLER_APPLICATION_AND_DEVELOPMENT\Lab4_test\STM32F767ZITX_FLASH.ld" --specs=nosys.specs -Wl,-Map="Lab4_test.map" -Wl,--gc-sections -static --specs=nano.specs -mfpu=fpv5-d16 -mfloat-abi=hard -mthumb -Wl,--start-group -lc -lm -lstdc++ -lsupc++ -Wl,--end-group
Finished building target: Lab4_test.elf
 
arm-none-eabi-size   Lab4_test.elf 
arm-none-eabi-objdump -h -S  Lab4_test.elf  > "Lab4_test.list"
   text	   data	    bss	    dec	    hex	filename
  16220	    340	   3236	  19796	   4d54	Lab4_test.elf
Finished building: default.size.stdout
 
Finished building: Lab4_test.list
 

00:08:43 Build Finished. 0 errors, 0 warnings. (took 1s.432ms)

