14:23:21 **** Incremental Build of configuration Debug for project Lab6_timer ****
make -j8 all 
arm-none-eabi-gcc "../Core/Src/main.c" -mcpu=cortex-m7 -std=gnu11 -g3 -DDEBUG -DUSE_HAL_DRIVER -DSTM32F767xx -c -I../Core/Inc -I../Drivers/STM32F7xx_HAL_Driver/Inc -I../Drivers/STM32F7xx_HAL_Driver/Inc/Legacy -I../Drivers/CMSIS/Device/ST/STM32F7xx/Include -I../Drivers/CMSIS/Include -O0 -ffunction-sections -fdata-sections -Wall -fstack-usage -fcyclomatic-complexity -MMD -MP -MF"Core/Src/main.d" -MT"Core/Src/main.o" --specs=nano.specs -mfpu=fpv5-d16 -mfloat-abi=hard -mthumb -o "Core/Src/main.o"
../Core/Src/main.c: In function 'displayNumber':
../Core/Src/main.c:183:9: warning: implicit declaration of function 'sprintf' [-Wimplicit-function-declaration]
  183 |         sprintf(display, "%u", count);
      |         ^~~~~~~
../Core/Src/main.c:24:1: note: include '<stdio.h>' or provide a declaration of 'sprintf'
   23 | #include "gpio.h"
  +++ |+#include <stdio.h>
   24 | 
../Core/Src/main.c:183:9: warning: incompatible implicit declaration of built-in function 'sprintf' [-Wbuiltin-declaration-mismatch]
  183 |         sprintf(display, "%u", count);
      |         ^~~~~~~
../Core/Src/main.c:183:9: note: include '<stdio.h>' or provide a declaration of 'sprintf'
../Core/Src/main.c:183:28: warning: format '%u' expects argument of type 'unsigned int', but argument 3 has type 'uint32_t' {aka 'long unsigned int'} [-Wformat=]
  183 |         sprintf(display, "%u", count);
      |                           ~^   ~~~~~
      |                            |   |
      |                            |   uint32_t {aka long unsigned int}
      |                            unsigned int
      |                           %lu
../Core/Src/main.c:186:56: warning: implicit declaration of function 'strlen' [-Wimplicit-function-declaration]
  186 |         HAL_UART_Transmit(&huart3, (uint8_t*) display, strlen(display), 1000);
      |                                                        ^~~~~~
../Core/Src/main.c:24:1: note: include '<string.h>' or provide a declaration of 'strlen'
   23 | #include "gpio.h"
  +++ |+#include <string.h>
   24 | 
../Core/Src/main.c:186:56: warning: incompatible implicit declaration of built-in function 'strlen' [-Wbuiltin-declaration-mismatch]
  186 |         HAL_UART_Transmit(&huart3, (uint8_t*) display, strlen(display), 1000);
      |                                                        ^~~~~~
../Core/Src/main.c:186:56: note: include '<string.h>' or provide a declaration of 'strlen'
../Core/Src/main.c: In function 'displayNumber_clk':
../Core/Src/main.c:203:56: warning: incompatible implicit declaration of built-in function 'strlen' [-Wbuiltin-declaration-mismatch]
  203 |         HAL_UART_Transmit(&huart3, (uint8_t*) display, strlen(display), 1000);
      |                                                        ^~~~~~
../Core/Src/main.c:203:56: note: include '<string.h>' or provide a declaration of 'strlen'
../Core/Src/main.c: At top level:
../Core/Src/main.c:53:13: warning: 'MPU_Initialize' declared 'static' but never defined [-Wunused-function]
   53 | static void MPU_Initialize(void);
      |             ^~~~~~~~~~~~~~
arm-none-eabi-gcc -o "Lab6_timer.elf" @"objects.list"   -mcpu=cortex-m7 -T"C:\Users\AVI003\STM32CubeIDE\MAD_Lab\Lab6_timer\STM32F767ZITX_FLASH.ld" --specs=nosys.specs -Wl,-Map="Lab6_timer.map" -Wl,--gc-sections -static --specs=nano.specs -mfpu=fpv5-d16 -mfloat-abi=hard -mthumb -Wl,--start-group -lc -lm -Wl,--end-group
Finished building target: Lab6_timer.elf
 
arm-none-eabi-size   Lab6_timer.elf 
arm-none-eabi-objdump -h -S  Lab6_timer.elf  > "Lab6_timer.list"
   text	   data	    bss	    dec	    hex	filename
  14788	     20	   1868	  16676	   4124	Lab6_timer.elf
Finished building: default.size.stdout
 
Finished building: Lab6_timer.list
 

14:23:22 Build Finished. 0 errors, 7 warnings. (took 1s.412ms)

