17:53:57 **** Incremental Build of configuration Debug for project LabChallenge ****
make -j8 all 
arm-none-eabi-gcc "../Core/Src/main.c" -mcpu=cortex-m7 -std=gnu11 -g3 -DDEBUG -DUSE_HAL_DRIVER -DSTM32F767xx -c -I../Core/Inc -I../Drivers/STM32F7xx_HAL_Driver/Inc -I../Drivers/STM32F7xx_HAL_Driver/Inc/Legacy -I../Drivers/CMSIS/Device/ST/STM32F7xx/Include -I../Drivers/CMSIS/Include -O0 -ffunction-sections -fdata-sections -Wall -fstack-usage -fcyclomatic-complexity -MMD -MP -MF"Core/Src/main.d" -MT"Core/Src/main.o" --specs=nano.specs -mfpu=fpv5-d16 -mfloat-abi=hard -mthumb -o "Core/Src/main.o"
../Core/Src/main.c:57:13: warning: 'MPU_Initialize' declared 'static' but never defined [-Wunused-function]
   57 | static void MPU_Initialize(void);
      |             ^~~~~~~~~~~~~~
arm-none-eabi-gcc -o "LabChallenge.elf" @"objects.list"   -mcpu=cortex-m7 -T"C:\Users\AVI003\STM32CubeIDE\MAD_Lab\LabChallenge\STM32F767ZITX_FLASH.ld" --specs=nosys.specs -Wl,-Map="LabChallenge.map" -Wl,--gc-sections -static --specs=nano.specs -mfpu=fpv5-d16 -mfloat-abi=hard -mthumb -Wl,--start-group -lc -lm -Wl,--end-group
Finished building target: LabChallenge.elf
 
arm-none-eabi-size   LabChallenge.elf 
arm-none-eabi-objdump -h -S  LabChallenge.elf  > "LabChallenge.list"
   text	   data	    bss	    dec	    hex	filename
  12332	     64	   2848	  15244	   3b8c	LabChallenge.elf
Finished building: default.size.stdout
 
Finished building: LabChallenge.list
 

17:53:58 Build Finished. 0 errors, 1 warnings. (took 1s.314ms)

