11:33:05 **** Incremental Build of configuration Debug for project Lab7_PWM ****
make -j8 all 
arm-none-eabi-gcc "../Core/Src/main.c" -mcpu=cortex-m7 -std=gnu11 -g3 -DDEBUG -DUSE_HAL_DRIVER -DSTM32F767xx -c -I../Core/Inc -I../Drivers/STM32F7xx_HAL_Driver/Inc -I../Drivers/STM32F7xx_HAL_Driver/Inc/Legacy -I../Drivers/CMSIS/Device/ST/STM32F7xx/Include -I../Drivers/CMSIS/Include -O0 -ffunction-sections -fdata-sections -Wall -fstack-usage -fcyclomatic-complexity -MMD -MP -MF"Core/Src/main.d" -MT"Core/Src/main.o" --specs=nano.specs -mfpu=fpv5-d16 -mfloat-abi=hard -mthumb -o "Core/Src/main.o"
arm-none-eabi-gcc -o "Lab7_PWM.elf" @"objects.list"   -mcpu=cortex-m7 -T"D:\BAITOEY\University\2566\1-2566\MAD\64010045_exam\Lab7_PWM\STM32F767ZITX_FLASH.ld" --specs=nosys.specs -Wl,-Map="Lab7_PWM.map" -Wl,--gc-sections -static --specs=nano.specs -mfpu=fpv5-d16 -mfloat-abi=hard -mthumb -Wl,--start-group -lc -lm -Wl,--end-group
Finished building target: Lab7_PWM.elf
 
arm-none-eabi-size   Lab7_PWM.elf 
arm-none-eabi-objdump -h -S  Lab7_PWM.elf  > "Lab7_PWM.list"
   text	   data	    bss	    dec	    hex	filename
  18960	     20	   3212	  22192	   56b0	Lab7_PWM.elf
Finished building: default.size.stdout
 
Finished building: Lab7_PWM.list
 

11:33:07 Build Finished. 0 errors, 0 warnings. (took 1s.469ms)

